========================================================================
Synthetic Artifact Robustness (model type read from checkpoint)
========================================================================
Device: cuda
Image size: 384
Checkpoint: checkpoints\baseline_b4_ce_sampler_seed43_20261004_213802
Data: skin_cancer_data
Artifacts: clean, hair, ruler, occlusion
Output: results\artifact_baseline_b4_ce_sampler_seed43_20261004_213802

========================================================================
FOLD 0
========================================================================
Validation images: 2014
Validation lesions: 1495
Checkpoint: checkpoints\baseline_b4_ce_sampler_seed43_20261004_213802\fold0.pt
Loaded baseline model with backbone b4
  Evaluating condition: clean
    Accuracy=0.8481 | Macro-F1=0.6887
  Evaluating condition: hair
    Accuracy=0.8461 | Macro-F1=0.7015
  Evaluating condition: ruler
    Accuracy=0.8337 | Macro-F1=0.6741
  Evaluating condition: occlusion
    Accuracy=0.8208 | Macro-F1=0.6240

========================================================================
FOLD 1
========================================================================
Validation images: 1997
Validation lesions: 1494
Checkpoint: checkpoints\baseline_b4_ce_sampler_seed43_20261004_213802\fold1.pt
Loaded baseline model with backbone b4
  Evaluating condition: clean
    Accuracy=0.8403 | Macro-F1=0.7205
  Evaluating condition: hair
    Accuracy=0.8317 | Macro-F1=0.7165
  Evaluating condition: ruler
    Accuracy=0.8327 | Macro-F1=0.7105
  Evaluating condition: occlusion
    Accuracy=0.8137 | Macro-F1=0.6209

========================================================================
FOLD 2
========================================================================
Validation images: 2010
Validation lesions: 1494
Checkpoint: checkpoints\baseline_b4_ce_sampler_seed43_20261004_213802\fold2.pt
Loaded baseline model with backbone b4
  Evaluating condition: clean
    Accuracy=0.8438 | Macro-F1=0.7055
  Evaluating condition: hair
    Accuracy=0.8433 | Macro-F1=0.7063
  Evaluating condition: ruler
    Accuracy=0.8353 | Macro-F1=0.6917
  Evaluating condition: occlusion
    Accuracy=0.8343 | Macro-F1=0.6975

========================================================================
FOLD 3
========================================================================
Validation images: 2014
Validation lesions: 1494
Checkpoint: checkpoints\baseline_b4_ce_sampler_seed43_20261004_213802\fold3.pt
Loaded baseline model with backbone b4
  Evaluating condition: clean
    Accuracy=0.8416 | Macro-F1=0.7557
  Evaluating condition: hair
    Accuracy=0.8337 | Macro-F1=0.7468
  Evaluating condition: ruler
    Accuracy=0.8421 | Macro-F1=0.7476
  Evaluating condition: occlusion
    Accuracy=0.8103 | Macro-F1=0.6938

========================================================================
FOLD 4
========================================================================
Validation images: 1980
Validation lesions: 1493
Checkpoint: checkpoints\baseline_b4_ce_sampler_seed43_20261004_213802\fold4.pt
Loaded baseline model with backbone b4
  Evaluating condition: clean
    Accuracy=0.8455 | Macro-F1=0.7230
  Evaluating condition: hair
    Accuracy=0.8449 | Macro-F1=0.7387
  Evaluating condition: ruler
    Accuracy=0.8424 | Macro-F1=0.7050
  Evaluating condition: occlusion
    Accuracy=0.8273 | Macro-F1=0.6962

========================================================================
GLOBAL OOF ARTIFACT ROBUSTNESS
========================================================================
 artifact  accuracy  macro_precision  macro_recall  macro_f1  weighted_precision  weighted_recall  weighted_f1
    clean  0.843834         0.745505      0.708275  0.725357            0.837834         0.843834     0.840106
     hair  0.839940         0.747433      0.713351  0.728993            0.836681         0.839940     0.838081
    ruler  0.837244         0.726974      0.698766  0.711851            0.832192         0.837244     0.834184
occlusion  0.821268         0.727909      0.646261  0.675198            0.817953         0.821268     0.817068

Degradation relative to clean:
 artifact  accuracy_clean  accuracy_artifact  accuracy_delta  macro_f1_clean  macro_f1_artifact  macro_f1_delta  macro_recall_clean  macro_recall_artifact  macro_recall_delta
     hair        0.843834           0.839940       -0.003894        0.725357           0.728993        0.003636            0.708275               0.713351            0.005076
    ruler        0.843834           0.837244       -0.006590        0.725357           0.711851       -0.013506            0.708275               0.698766           -0.009509
occlusion        0.843834           0.821268       -0.022566        0.725357           0.675198       -0.050159            0.708275               0.646261           -0.062014

========================================================================
ARTIFACT ROBUSTNESS COMPLETED
========================================================================
Results: results\artifact_baseline_b4_ce_sampler_seed43_20261004_213802
========================================================================
Synthetic Artifact Robustness (model type read from checkpoint)
========================================================================
Device: cuda
Image size: 384
Checkpoint: checkpoints\baseline_b4_ce_sampler_seed44_20261005_043106
Data: skin_cancer_data
Artifacts: clean, hair, ruler, occlusion
Output: results\artifact_baseline_b4_ce_sampler_seed44_20261005_043106

========================================================================
FOLD 0
========================================================================
Validation images: 2014
Validation lesions: 1495
Checkpoint: checkpoints\baseline_b4_ce_sampler_seed44_20261005_043106\fold0.pt
Loaded baseline model with backbone b4
  Evaluating condition: clean
    Accuracy=0.8361 | Macro-F1=0.7131
  Evaluating condition: hair
    Accuracy=0.8307 | Macro-F1=0.6869
  Evaluating condition: ruler
    Accuracy=0.8332 | Macro-F1=0.6786
  Evaluating condition: occlusion
    Accuracy=0.7865 | Macro-F1=0.6559

========================================================================
FOLD 1
========================================================================
Validation images: 1997
Validation lesions: 1494
Checkpoint: checkpoints\baseline_b4_ce_sampler_seed44_20261005_043106\fold1.pt
Loaded baseline model with backbone b4
  Evaluating condition: clean
    Accuracy=0.8378 | Macro-F1=0.7284
  Evaluating condition: hair
    Accuracy=0.8247 | Macro-F1=0.7139
  Evaluating condition: ruler
    Accuracy=0.8312 | Macro-F1=0.6924
  Evaluating condition: occlusion
    Accuracy=0.8212 | Macro-F1=0.6624

========================================================================
FOLD 2
========================================================================
Validation images: 2010
Validation lesions: 1494
Checkpoint: checkpoints\baseline_b4_ce_sampler_seed44_20261005_043106\fold2.pt
Loaded baseline model with backbone b4
  Evaluating condition: clean
    Accuracy=0.8453 | Macro-F1=0.6845
  Evaluating condition: hair
    Accuracy=0.8413 | Macro-F1=0.6682
  Evaluating condition: ruler
    Accuracy=0.8433 | Macro-F1=0.6685
  Evaluating condition: occlusion
    Accuracy=0.8244 | Macro-F1=0.6576

========================================================================
FOLD 3
========================================================================
Validation images: 2014
Validation lesions: 1494
Checkpoint: checkpoints\baseline_b4_ce_sampler_seed44_20261005_043106\fold3.pt
Loaded baseline model with backbone b4
  Evaluating condition: clean
    Accuracy=0.8391 | Macro-F1=0.7063
  Evaluating condition: hair
    Accuracy=0.8327 | Macro-F1=0.6919
  Evaluating condition: ruler
    Accuracy=0.8292 | Macro-F1=0.6796
  Evaluating condition: occlusion
    Accuracy=0.8034 | Macro-F1=0.6248

========================================================================
FOLD 4
========================================================================
Validation images: 1980
Validation lesions: 1493
Checkpoint: checkpoints\baseline_b4_ce_sampler_seed44_20261005_043106\fold4.pt
Loaded baseline model with backbone b4
  Evaluating condition: clean
    Accuracy=0.8475 | Macro-F1=0.7399
  Evaluating condition: hair
    Accuracy=0.8404 | Macro-F1=0.7166
  Evaluating condition: ruler
    Accuracy=0.8389 | Macro-F1=0.7125
  Evaluating condition: occlusion
    Accuracy=0.8015 | Macro-F1=0.6354

========================================================================
GLOBAL OOF ARTIFACT ROBUSTNESS
========================================================================
 artifact  accuracy  macro_precision  macro_recall  macro_f1  weighted_precision  weighted_recall  weighted_f1
    clean  0.841138         0.748887      0.698659  0.720190            0.835687         0.841138     0.837209
     hair  0.833949         0.723248      0.687711  0.703170            0.831764         0.833949     0.832109
    ruler  0.835147         0.712356      0.675631  0.692282            0.828266         0.835147     0.830671
occlusion  0.807389         0.710237      0.625796  0.653921            0.808298         0.807389     0.803202

Degradation relative to clean:
 artifact  accuracy_clean  accuracy_artifact  accuracy_delta  macro_f1_clean  macro_f1_artifact  macro_f1_delta  macro_recall_clean  macro_recall_artifact  macro_recall_delta
     hair        0.841138           0.833949       -0.007189         0.72019           0.703170       -0.017020            0.698659               0.687711           -0.010948
    ruler        0.841138           0.835147       -0.005991         0.72019           0.692282       -0.027908            0.698659               0.675631           -0.023028
occlusion        0.841138           0.807389       -0.033749         0.72019           0.653921       -0.066270            0.698659               0.625796           -0.072863

========================================================================
ARTIFACT ROBUSTNESS COMPLETED
========================================================================
Results: results\artifact_baseline_b4_ce_sampler_seed44_20261005_043106
========================================================================
Synthetic Artifact Robustness (model type read from checkpoint)
========================================================================
Device: cuda
Image size: 384
Checkpoint: checkpoints\sc_b4_ce_lambda0.1_sampler_seed43_20261005_021331
Data: skin_cancer_data
Artifacts: clean, hair, ruler, occlusion
Output: results\artifact_sc_b4_ce_lambda0.1_sampler_seed43_20261005_021331

========================================================================
FOLD 0
========================================================================
Validation images: 2014
Validation lesions: 1495
Checkpoint: checkpoints\sc_b4_ce_lambda0.1_sampler_seed43_20261005_021331\fold0.pt
Loaded sc model with backbone b4
  Evaluating condition: clean
    Accuracy=0.8545 | Macro-F1=0.7020
  Evaluating condition: hair
    Accuracy=0.8500 | Macro-F1=0.7068
  Evaluating condition: ruler
    Accuracy=0.8436 | Macro-F1=0.6846
  Evaluating condition: occlusion
    Accuracy=0.8307 | Macro-F1=0.6424

========================================================================
FOLD 1
========================================================================
Validation images: 1997
Validation lesions: 1494
Checkpoint: checkpoints\sc_b4_ce_lambda0.1_sampler_seed43_20261005_021331\fold1.pt
Loaded sc model with backbone b4
  Evaluating condition: clean
    Accuracy=0.8468 | Macro-F1=0.7111
  Evaluating condition: hair
    Accuracy=0.8317 | Macro-F1=0.7121
  Evaluating condition: ruler
    Accuracy=0.8388 | Macro-F1=0.6898
  Evaluating condition: occlusion
    Accuracy=0.8257 | Macro-F1=0.6686

========================================================================
FOLD 2
========================================================================
Validation images: 2010
Validation lesions: 1494
Checkpoint: checkpoints\sc_b4_ce_lambda0.1_sampler_seed43_20261005_021331\fold2.pt
Loaded sc model with backbone b4
  Evaluating condition: clean
    Accuracy=0.8572 | Macro-F1=0.7485
  Evaluating condition: hair
    Accuracy=0.8517 | Macro-F1=0.7349
  Evaluating condition: ruler
    Accuracy=0.8507 | Macro-F1=0.7143
  Evaluating condition: occlusion
    Accuracy=0.8378 | Macro-F1=0.6862

========================================================================
FOLD 3
========================================================================
Validation images: 2014
Validation lesions: 1494
Checkpoint: checkpoints\sc_b4_ce_lambda0.1_sampler_seed43_20261005_021331\fold3.pt
Loaded sc model with backbone b4
  Evaluating condition: clean
    Accuracy=0.8411 | Macro-F1=0.7362
  Evaluating condition: hair
    Accuracy=0.8371 | Macro-F1=0.7248
  Evaluating condition: ruler
    Accuracy=0.8401 | Macro-F1=0.7346
  Evaluating condition: occlusion
    Accuracy=0.8069 | Macro-F1=0.6404

========================================================================
FOLD 4
========================================================================
Validation images: 1980
Validation lesions: 1493
Checkpoint: checkpoints\sc_b4_ce_lambda0.1_sampler_seed43_20261005_021331\fold4.pt
Loaded sc model with backbone b4
  Evaluating condition: clean
    Accuracy=0.8596 | Macro-F1=0.7666
  Evaluating condition: hair
    Accuracy=0.8525 | Macro-F1=0.7545
  Evaluating condition: ruler
    Accuracy=0.8414 | Macro-F1=0.7282
  Evaluating condition: occlusion
    Accuracy=0.8308 | Macro-F1=0.6935

========================================================================
GLOBAL OOF ARTIFACT ROBUSTNESS
========================================================================
 artifact  accuracy  macro_precision  macro_recall  macro_f1  weighted_precision  weighted_recall  weighted_f1
    clean  0.851822         0.772092      0.712336  0.736040            0.844116         0.851822     0.845905
     hair  0.844633         0.753987      0.715488  0.731553            0.839813         0.844633     0.841533
    ruler  0.842936         0.743230      0.692643  0.714079            0.834665         0.842936     0.837404
occlusion  0.826360         0.746923      0.636689  0.673062            0.819097         0.826360     0.818392

Degradation relative to clean:
 artifact  accuracy_clean  accuracy_artifact  accuracy_delta  macro_f1_clean  macro_f1_artifact  macro_f1_delta  macro_recall_clean  macro_recall_artifact  macro_recall_delta
     hair        0.851822           0.844633       -0.007189         0.73604           0.731553       -0.004487            0.712336               0.715488            0.003152
    ruler        0.851822           0.842936       -0.008887         0.73604           0.714079       -0.021961            0.712336               0.692643           -0.019694
occlusion        0.851822           0.826360       -0.025462         0.73604           0.673062       -0.062978            0.712336               0.636689           -0.075647

========================================================================
ARTIFACT ROBUSTNESS COMPLETED
========================================================================
Results: results\artifact_sc_b4_ce_lambda0.1_sampler_seed43_20261005_021331
========================================================================
Synthetic Artifact Robustness (model type read from checkpoint)
========================================================================
Device: cuda
Image size: 384
Checkpoint: checkpoints\sc_b4_ce_lambda0.1_sampler_seed44_20261005_090624
Data: skin_cancer_data
Artifacts: clean, hair, ruler, occlusion
Output: results\artifact_sc_b4_ce_lambda0.1_sampler_seed44_20261005_090624

========================================================================
FOLD 0
========================================================================
Validation images: 2014
Validation lesions: 1495
Checkpoint: checkpoints\sc_b4_ce_lambda0.1_sampler_seed44_20261005_090624\fold0.pt
Loaded sc model with backbone b4
  Evaluating condition: clean
    Accuracy=0.8560 | Macro-F1=0.7185
  Evaluating condition: hair
    Accuracy=0.8520 | Macro-F1=0.6889
  Evaluating condition: ruler
    Accuracy=0.8421 | Macro-F1=0.6819
  Evaluating condition: occlusion
    Accuracy=0.8203 | Macro-F1=0.6673

========================================================================
FOLD 1
========================================================================
Validation images: 1997
Validation lesions: 1494
Checkpoint: checkpoints\sc_b4_ce_lambda0.1_sampler_seed44_20261005_090624\fold1.pt
Loaded sc model with backbone b4
  Evaluating condition: clean
    Accuracy=0.8593 | Macro-F1=0.7369
  Evaluating condition: hair
    Accuracy=0.8463 | Macro-F1=0.7271
  Evaluating condition: ruler
    Accuracy=0.8478 | Macro-F1=0.7037
  Evaluating condition: occlusion
    Accuracy=0.8317 | Macro-F1=0.6450

========================================================================
FOLD 2
========================================================================
Validation images: 2010
Validation lesions: 1494
Checkpoint: checkpoints\sc_b4_ce_lambda0.1_sampler_seed44_20261005_090624\fold2.pt
Loaded sc model with backbone b4
  Evaluating condition: clean
    Accuracy=0.8597 | Macro-F1=0.7376
  Evaluating condition: hair
    Accuracy=0.8532 | Macro-F1=0.7313
  Evaluating condition: ruler
    Accuracy=0.8498 | Macro-F1=0.7291
  Evaluating condition: occlusion
    Accuracy=0.8109 | Macro-F1=0.6417

========================================================================
FOLD 3
========================================================================
Validation images: 2014
Validation lesions: 1494
Checkpoint: checkpoints\sc_b4_ce_lambda0.1_sampler_seed44_20261005_090624\fold3.pt
Loaded sc model with backbone b4
  Evaluating condition: clean
    Accuracy=0.8376 | Macro-F1=0.7209
  Evaluating condition: hair
    Accuracy=0.8297 | Macro-F1=0.7118
  Evaluating condition: ruler
    Accuracy=0.8277 | Macro-F1=0.6909
  Evaluating condition: occlusion
    Accuracy=0.8103 | Macro-F1=0.6570

========================================================================
FOLD 4
========================================================================
Validation images: 1980
Validation lesions: 1493
Checkpoint: checkpoints\sc_b4_ce_lambda0.1_sampler_seed44_20261005_090624\fold4.pt
Loaded sc model with backbone b4
  Evaluating condition: clean
    Accuracy=0.8581 | Macro-F1=0.7268
  Evaluating condition: hair
    Accuracy=0.8540 | Macro-F1=0.7289
  Evaluating condition: ruler
    Accuracy=0.8409 | Macro-F1=0.6850
  Evaluating condition: occlusion
    Accuracy=0.8328 | Macro-F1=0.6649

========================================================================
GLOBAL OOF ARTIFACT ROBUSTNESS
========================================================================
 artifact  accuracy  macro_precision  macro_recall  macro_f1  weighted_precision  weighted_recall  weighted_f1
    clean  0.854119         0.768232      0.705719  0.732808            0.845273         0.854119     0.847239
     hair  0.847029         0.749923      0.703245  0.724368            0.840689         0.847029     0.843003
    ruler  0.841638         0.733792      0.677962  0.702419            0.832310         0.841638     0.835310
occlusion  0.821168         0.707004      0.642679  0.658197            0.827099         0.821168     0.819488

Degradation relative to clean:
 artifact  accuracy_clean  accuracy_artifact  accuracy_delta  macro_f1_clean  macro_f1_artifact  macro_f1_delta  macro_recall_clean  macro_recall_artifact  macro_recall_delta
     hair        0.854119           0.847029       -0.007089        0.732808           0.724368       -0.008440            0.705719               0.703245           -0.002473
    ruler        0.854119           0.841638       -0.012481        0.732808           0.702419       -0.030389            0.705719               0.677962           -0.027757
occlusion        0.854119           0.821168       -0.032951        0.732808           0.658197       -0.074610            0.705719               0.642679           -0.063039

========================================================================
ARTIFACT ROBUSTNESS COMPLETED
========================================================================
Results: results\artifact_sc_b4_ce_lambda0.1_sampler_seed44_20261005_090624
========================================================================
Synthetic Artifact Robustness (model type read from checkpoint)
========================================================================
Device: cuda
Image size: 384
Checkpoint: checkpoints\scv2_b4_ce_lambda0.1_area0.5_sampler_seed43_20261005_113423
Data: skin_cancer_data
Artifacts: clean, hair, ruler, occlusion
Output: results\artifact_scv2_b4_ce_lambda0.1_area0.5_sampler_seed43_20261005_113423

========================================================================
FOLD 0
========================================================================
Validation images: 2014
Validation lesions: 1495
Checkpoint: checkpoints\scv2_b4_ce_lambda0.1_area0.5_sampler_seed43_20261005_113423\fold0.pt
Loaded sc model with backbone b4
  Evaluating condition: clean
    Accuracy=0.8550 | Macro-F1=0.7153
  Evaluating condition: hair
    Accuracy=0.8555 | Macro-F1=0.7083
  Evaluating condition: ruler
    Accuracy=0.8401 | Macro-F1=0.6712
  Evaluating condition: occlusion
    Accuracy=0.8282 | Macro-F1=0.6418

========================================================================
FOLD 1
========================================================================
Validation images: 1997
Validation lesions: 1494
Checkpoint: checkpoints\scv2_b4_ce_lambda0.1_area0.5_sampler_seed43_20261005_113423\fold1.pt
Loaded sc model with backbone b4
  Evaluating condition: clean
    Accuracy=0.8493 | Macro-F1=0.7165
  Evaluating condition: hair
    Accuracy=0.8413 | Macro-F1=0.7111
  Evaluating condition: ruler
    Accuracy=0.8468 | Macro-F1=0.7040
  Evaluating condition: occlusion
    Accuracy=0.8162 | Macro-F1=0.6608

========================================================================
FOLD 2
========================================================================
Validation images: 2010
Validation lesions: 1494
Checkpoint: checkpoints\scv2_b4_ce_lambda0.1_area0.5_sampler_seed43_20261005_113423\fold2.pt
Loaded sc model with backbone b4
  Evaluating condition: clean
    Accuracy=0.8617 | Macro-F1=0.7515
  Evaluating condition: hair
    Accuracy=0.8507 | Macro-F1=0.7502
  Evaluating condition: ruler
    Accuracy=0.8532 | Macro-F1=0.7330
  Evaluating condition: occlusion
    Accuracy=0.8313 | Macro-F1=0.6684

========================================================================
FOLD 3
========================================================================
Validation images: 2014
Validation lesions: 1494
Checkpoint: checkpoints\scv2_b4_ce_lambda0.1_area0.5_sampler_seed43_20261005_113423\fold3.pt
Loaded sc model with backbone b4
  Evaluating condition: clean
    Accuracy=0.8307 | Macro-F1=0.7053
  Evaluating condition: hair
    Accuracy=0.8217 | Macro-F1=0.7075
  Evaluating condition: ruler
    Accuracy=0.8262 | Macro-F1=0.6989
  Evaluating condition: occlusion
    Accuracy=0.8128 | Macro-F1=0.6675

========================================================================
FOLD 4
========================================================================
Validation images: 1980
Validation lesions: 1493
Checkpoint: checkpoints\scv2_b4_ce_lambda0.1_area0.5_sampler_seed43_20261005_113423\fold4.pt
Loaded sc model with backbone b4
  Evaluating condition: clean
    Accuracy=0.8540 | Macro-F1=0.7493
  Evaluating condition: hair
    Accuracy=0.8505 | Macro-F1=0.7377
  Evaluating condition: ruler
    Accuracy=0.8490 | Macro-F1=0.7318
  Evaluating condition: occlusion
    Accuracy=0.8323 | Macro-F1=0.6837

========================================================================
GLOBAL OOF ARTIFACT ROBUSTNESS
========================================================================
 artifact  accuracy  macro_precision  macro_recall  macro_f1  weighted_precision  weighted_recall  weighted_f1
    clean  0.850125         0.769001      0.699941  0.728468            0.842476         0.850125     0.844324
     hair  0.843934         0.754671      0.703342  0.724295            0.839546         0.843934     0.841014
    ruler  0.843035         0.740807      0.684901  0.709314            0.834750         0.843035     0.837526
occlusion  0.824164         0.716119      0.642381  0.668314            0.820036         0.824164     0.818946

Degradation relative to clean:
 artifact  accuracy_clean  accuracy_artifact  accuracy_delta  macro_f1_clean  macro_f1_artifact  macro_f1_delta  macro_recall_clean  macro_recall_artifact  macro_recall_delta
     hair        0.850125           0.843934       -0.006191        0.728468           0.724295       -0.004173            0.699941               0.703342            0.003401
    ruler        0.850125           0.843035       -0.007089        0.728468           0.709314       -0.019154            0.699941               0.684901           -0.015040
occlusion        0.850125           0.824164       -0.025961        0.728468           0.668314       -0.060154            0.699941               0.642381           -0.057560

========================================================================
ARTIFACT ROBUSTNESS COMPLETED
========================================================================
Results: results\artifact_scv2_b4_ce_lambda0.1_area0.5_sampler_seed43_20261005_113423
========================================================================
Synthetic Artifact Robustness (model type read from checkpoint)
========================================================================
Device: cuda
Image size: 384
Checkpoint: checkpoints\scv2_b4_ce_lambda0.1_area0.5_sampler_seed44_20261005_135223
Data: skin_cancer_data
Artifacts: clean, hair, ruler, occlusion
Output: results\artifact_scv2_b4_ce_lambda0.1_area0.5_sampler_seed44_20261005_135223

========================================================================
FOLD 0
========================================================================
Validation images: 2014
Validation lesions: 1495
Checkpoint: checkpoints\scv2_b4_ce_lambda0.1_area0.5_sampler_seed44_20261005_135223\fold0.pt
Loaded sc model with backbone b4
  Evaluating condition: clean
    Accuracy=0.8560 | Macro-F1=0.7243
  Evaluating condition: hair
    Accuracy=0.8535 | Macro-F1=0.7210
  Evaluating condition: ruler
    Accuracy=0.8451 | Macro-F1=0.7181
  Evaluating condition: occlusion
    Accuracy=0.8168 | Macro-F1=0.6822

========================================================================
FOLD 1
========================================================================
Validation images: 1997
Validation lesions: 1494
Checkpoint: checkpoints\scv2_b4_ce_lambda0.1_area0.5_sampler_seed44_20261005_135223\fold1.pt
Loaded sc model with backbone b4
  Evaluating condition: clean
    Accuracy=0.8528 | Macro-F1=0.7307
  Evaluating condition: hair
    Accuracy=0.8363 | Macro-F1=0.7266
  Evaluating condition: ruler
    Accuracy=0.8413 | Macro-F1=0.7206
  Evaluating condition: occlusion
    Accuracy=0.8132 | Macro-F1=0.6299

========================================================================
FOLD 2
========================================================================
Validation images: 2010
Validation lesions: 1494
Checkpoint: checkpoints\scv2_b4_ce_lambda0.1_area0.5_sampler_seed44_20261005_135223\fold2.pt
Loaded sc model with backbone b4
  Evaluating condition: clean
    Accuracy=0.8498 | Macro-F1=0.7355
  Evaluating condition: hair
    Accuracy=0.8537 | Macro-F1=0.7394
  Evaluating condition: ruler
    Accuracy=0.8468 | Macro-F1=0.7408
  Evaluating condition: occlusion
    Accuracy=0.8234 | Macro-F1=0.6802

========================================================================
FOLD 3
========================================================================
Validation images: 2014
Validation lesions: 1494
Checkpoint: checkpoints\scv2_b4_ce_lambda0.1_area0.5_sampler_seed44_20261005_135223\fold3.pt
Loaded sc model with backbone b4
  Evaluating condition: clean
    Accuracy=0.8366 | Macro-F1=0.6933
  Evaluating condition: hair
    Accuracy=0.8357 | Macro-F1=0.6939
  Evaluating condition: ruler
    Accuracy=0.8327 | Macro-F1=0.6853
  Evaluating condition: occlusion
    Accuracy=0.8267 | Macro-F1=0.6845

========================================================================
FOLD 4
========================================================================
Validation images: 1980
Validation lesions: 1493
Checkpoint: checkpoints\scv2_b4_ce_lambda0.1_area0.5_sampler_seed44_20261005_135223\fold4.pt
Loaded sc model with backbone b4
  Evaluating condition: clean
    Accuracy=0.8616 | Macro-F1=0.7548
  Evaluating condition: hair
    Accuracy=0.8616 | Macro-F1=0.7500
  Evaluating condition: ruler
    Accuracy=0.8576 | Macro-F1=0.7370
  Evaluating condition: occlusion
    Accuracy=0.8247 | Macro-F1=0.6686

========================================================================
GLOBAL OOF ARTIFACT ROBUSTNESS
========================================================================
 artifact  accuracy  macro_precision  macro_recall  macro_f1  weighted_precision  weighted_recall  weighted_f1
    clean  0.851323         0.763425      0.706167  0.731976            0.843959         0.851323     0.845779
     hair  0.848128         0.755064      0.711259  0.730950            0.843596         0.848128     0.844748
    ruler  0.844633         0.756565      0.699018  0.724528            0.837302         0.844633     0.839314
occlusion  0.820969         0.711689      0.660492  0.668251            0.827774         0.820969     0.819158

Degradation relative to clean:
 artifact  accuracy_clean  accuracy_artifact  accuracy_delta  macro_f1_clean  macro_f1_artifact  macro_f1_delta  macro_recall_clean  macro_recall_artifact  macro_recall_delta
     hair        0.851323           0.848128       -0.003195        0.731976           0.730950       -0.001025            0.706167               0.711259            0.005091
    ruler        0.851323           0.844633       -0.006690        0.731976           0.724528       -0.007448            0.706167               0.699018           -0.007149
occlusion        0.851323           0.820969       -0.030354        0.731976           0.668251       -0.063725            0.706167               0.660492           -0.045675

========================================================================
ARTIFACT ROBUSTNESS COMPLETED
========================================================================
Results: results\artifact_scv2_b4_ce_lambda0.1_area0.5_sampler_seed44_20261005_135223
