Device: cuda
Model: sc b0
Image size: 224
Results: results\scnoprior_b0_ce_lambda0.1_seed42_20261006_170106
Checkpoints: checkpoints\scnoprior_b0_ce_lambda0.1_seed42_20261006_170106

========== FOLD 0 ==========
Warning: You are sending unauthenticated requests to the HF Hub. Please set a HF_TOKEN to enable higher rate limits and faster downloads.
Unexpected keys (bn2.num_batches_tracked, bn2.bias, bn2.running_mean, bn2.running_var, bn2.weight, classifier.bias, classifier.weight, conv_head.weight) found while loading pretrained weights. This may be expected if model is being adapted.
Epoch 01/20 loss=2.13974 cls=1.04793 cons=0.19764 mask_mean=0.372 mask<0.5=0.670
Epoch 02/20 loss=1.17282 cls=0.58618 cons=0.07971 mask_mean=0.533 mask<0.5=0.454
Epoch 03/20 loss=0.89967 cls=0.45460 cons=0.05418 mask_mean=0.592 mask<0.5=0.361
Epoch 04/20 loss=0.72095 cls=0.36158 cons=0.03965 mask_mean=0.640 mask<0.5=0.299
Epoch 05/20 loss=0.57273 cls=0.28840 cons=0.03259 mask_mean=0.668 mask<0.5=0.274
Epoch 06/20 loss=0.48108 cls=0.24320 cons=0.02711 mask_mean=0.697 mask<0.5=0.249
Epoch 07/20 loss=0.38722 cls=0.19397 cons=0.02196 mask_mean=0.717 mask<0.5=0.236
Epoch 08/20 loss=0.30985 cls=0.15639 cons=0.01834 mask_mean=0.736 mask<0.5=0.221
Epoch 09/20 loss=0.25051 cls=0.12807 cons=0.01463 mask_mean=0.746 mask<0.5=0.215
Epoch 10/20 loss=0.20212 cls=0.10233 cons=0.01257 mask_mean=0.752 mask<0.5=0.211
Epoch 11/20 loss=0.14910 cls=0.07499 cons=0.01033 mask_mean=0.761 mask<0.5=0.203
Epoch 12/20 loss=0.16743 cls=0.08441 cons=0.00948 mask_mean=0.772 mask<0.5=0.193
Epoch 13/20 loss=0.13653 cls=0.06923 cons=0.00812 mask_mean=0.775 mask<0.5=0.192
Epoch 14/20 loss=0.12511 cls=0.06371 cons=0.00762 mask_mean=0.782 mask<0.5=0.186
Epoch 15/20 loss=0.10519 cls=0.05361 cons=0.00702 mask_mean=0.789 mask<0.5=0.179
Epoch 16/20 loss=0.11636 cls=0.05703 cons=0.00728 mask_mean=0.810 mask<0.5=0.158
Epoch 17/20 loss=0.08752 cls=0.04322 cons=0.00519 mask_mean=0.820 mask<0.5=0.147
Epoch 18/20 loss=0.09832 cls=0.04984 cons=0.00440 mask_mean=0.819 mask<0.5=0.150
Epoch 19/20 loss=0.08094 cls=0.04036 cons=0.00432 mask_mean=0.815 mask<0.5=0.155
Epoch 20/20 loss=0.06839 cls=0.03381 cons=0.00410 mask_mean=0.830 mask<0.5=0.140
Fold 0 accuracy: 0.8252

========== FOLD 1 ==========
Unexpected keys (bn2.num_batches_tracked, bn2.bias, bn2.running_mean, bn2.running_var, bn2.weight, classifier.bias, classifier.weight, conv_head.weight) found while loading pretrained weights. This may be expected if model is being adapted.
Epoch 01/20 loss=2.25367 cls=1.15032 cons=0.11472 mask_mean=0.619 mask<0.5=0.310
Epoch 02/20 loss=1.21488 cls=0.63320 cons=0.05794 mask_mean=0.676 mask<0.5=0.240
Epoch 03/20 loss=0.93481 cls=0.48149 cons=0.04569 mask_mean=0.727 mask<0.5=0.193
Epoch 04/20 loss=0.74660 cls=0.38637 cons=0.03618 mask_mean=0.755 mask<0.5=0.171
Epoch 05/20 loss=0.59191 cls=0.30396 cons=0.02768 mask_mean=0.779 mask<0.5=0.154
Epoch 06/20 loss=0.46218 cls=0.23558 cons=0.02064 mask_mean=0.799 mask<0.5=0.138
Epoch 07/20 loss=0.34987 cls=0.17805 cons=0.01723 mask_mean=0.815 mask<0.5=0.126
Epoch 08/20 loss=0.29286 cls=0.14979 cons=0.01399 mask_mean=0.826 mask<0.5=0.119
Epoch 09/20 loss=0.22262 cls=0.11396 cons=0.01103 mask_mean=0.830 mask<0.5=0.117
Epoch 10/20 loss=0.21016 cls=0.10751 cons=0.01051 mask_mean=0.838 mask<0.5=0.110
Epoch 11/20 loss=0.16291 cls=0.08339 cons=0.00823 mask_mean=0.838 mask<0.5=0.111
Epoch 12/20 loss=0.14756 cls=0.07609 cons=0.00647 mask_mean=0.845 mask<0.5=0.107
Epoch 13/20 loss=0.13848 cls=0.07185 cons=0.00777 mask_mean=0.841 mask<0.5=0.111
Epoch 14/20 loss=0.10767 cls=0.05515 cons=0.00551 mask_mean=0.847 mask<0.5=0.107
Epoch 15/20 loss=0.08882 cls=0.04618 cons=0.00495 mask_mean=0.853 mask<0.5=0.104
Epoch 16/20 loss=0.11109 cls=0.05715 cons=0.00501 mask_mean=0.853 mask<0.5=0.106
Epoch 17/20 loss=0.09119 cls=0.04809 cons=0.00557 mask_mean=0.854 mask<0.5=0.106
Epoch 18/20 loss=0.07102 cls=0.03648 cons=0.00409 mask_mean=0.856 mask<0.5=0.105
Epoch 19/20 loss=0.07348 cls=0.03810 cons=0.00343 mask_mean=0.858 mask<0.5=0.105
Epoch 20/20 loss=0.07598 cls=0.03877 cons=0.00382 mask_mean=0.858 mask<0.5=0.105
Fold 1 accuracy: 0.8312

========== FOLD 2 ==========
Unexpected keys (bn2.num_batches_tracked, bn2.bias, bn2.running_mean, bn2.running_var, bn2.weight, classifier.bias, classifier.weight, conv_head.weight) found while loading pretrained weights. This may be expected if model is being adapted.
Epoch 01/20 loss=2.11138 cls=1.14677 cons=0.16959 mask_mean=0.738 mask<0.5=0.240
Epoch 02/20 loss=1.15548 cls=0.61673 cons=0.07869 mask_mean=0.724 mask<0.5=0.261
Epoch 03/20 loss=0.88924 cls=0.46734 cons=0.05580 mask_mean=0.737 mask<0.5=0.253
Epoch 04/20 loss=0.67995 cls=0.35050 cons=0.03809 mask_mean=0.750 mask<0.5=0.245
Epoch 05/20 loss=0.57359 cls=0.29765 cons=0.03300 mask_mean=0.765 mask<0.5=0.234
Epoch 06/20 loss=0.43762 cls=0.22507 cons=0.02419 mask_mean=0.770 mask<0.5=0.232
Epoch 07/20 loss=0.36075 cls=0.18674 cons=0.02168 mask_mean=0.779 mask<0.5=0.224
Epoch 08/20 loss=0.28317 cls=0.14664 cons=0.01685 mask_mean=0.789 mask<0.5=0.215
Epoch 09/20 loss=0.24850 cls=0.13034 cons=0.01436 mask_mean=0.788 mask<0.5=0.217
Epoch 10/20 loss=0.21043 cls=0.11041 cons=0.01485 mask_mean=0.791 mask<0.5=0.214
Epoch 11/20 loss=0.15671 cls=0.08289 cons=0.01083 mask_mean=0.798 mask<0.5=0.206
Epoch 12/20 loss=0.14299 cls=0.07389 cons=0.01007 mask_mean=0.799 mask<0.5=0.205
Epoch 13/20 loss=0.13425 cls=0.06934 cons=0.00755 mask_mean=0.801 mask<0.5=0.203
Epoch 14/20 loss=0.11229 cls=0.05786 cons=0.00704 mask_mean=0.807 mask<0.5=0.197
Epoch 15/20 loss=0.10503 cls=0.05362 cons=0.00675 mask_mean=0.809 mask<0.5=0.195
Epoch 16/20 loss=0.08522 cls=0.04374 cons=0.00569 mask_mean=0.812 mask<0.5=0.192
Epoch 17/20 loss=0.08248 cls=0.04358 cons=0.00520 mask_mean=0.814 mask<0.5=0.189
Epoch 18/20 loss=0.11660 cls=0.05964 cons=0.01033 mask_mean=0.813 mask<0.5=0.189
Epoch 19/20 loss=0.07160 cls=0.03784 cons=0.00482 mask_mean=0.808 mask<0.5=0.195
Epoch 20/20 loss=0.07185 cls=0.03856 cons=0.00573 mask_mean=0.810 mask<0.5=0.193
Fold 2 accuracy: 0.8274

========== FOLD 3 ==========
Unexpected keys (bn2.num_batches_tracked, bn2.bias, bn2.running_mean, bn2.running_var, bn2.weight, classifier.bias, classifier.weight, conv_head.weight) found while loading pretrained weights. This may be expected if model is being adapted.
Epoch 01/20 loss=2.10736 cls=1.06687 cons=0.19852 mask_mean=0.328 mask<0.5=0.764
Epoch 02/20 loss=1.21524 cls=0.62649 cons=0.10241 mask_mean=0.426 mask<0.5=0.643
Epoch 03/20 loss=0.92923 cls=0.46860 cons=0.06145 mask_mean=0.469 mask<0.5=0.581
Epoch 04/20 loss=0.72737 cls=0.36355 cons=0.04265 mask_mean=0.532 mask<0.5=0.485
Epoch 05/20 loss=0.58390 cls=0.29437 cons=0.03341 mask_mean=0.553 mask<0.5=0.454
Epoch 06/20 loss=0.45917 cls=0.23040 cons=0.02705 mask_mean=0.579 mask<0.5=0.416
Epoch 07/20 loss=0.38257 cls=0.19320 cons=0.02183 mask_mean=0.601 mask<0.5=0.388
Epoch 08/20 loss=0.31452 cls=0.15841 cons=0.01804 mask_mean=0.620 mask<0.5=0.359
Epoch 09/20 loss=0.22016 cls=0.10924 cons=0.01470 mask_mean=0.635 mask<0.5=0.343
Epoch 10/20 loss=0.21252 cls=0.10749 cons=0.01235 mask_mean=0.676 mask<0.5=0.287
Epoch 11/20 loss=0.18456 cls=0.09350 cons=0.01017 mask_mean=0.699 mask<0.5=0.257
Epoch 12/20 loss=0.17437 cls=0.08902 cons=0.01039 mask_mean=0.689 mask<0.5=0.274
Epoch 13/20 loss=0.13560 cls=0.06868 cons=0.00777 mask_mean=0.688 mask<0.5=0.278
Epoch 14/20 loss=0.10496 cls=0.05345 cons=0.00683 mask_mean=0.697 mask<0.5=0.265
Epoch 15/20 loss=0.10756 cls=0.05456 cons=0.00612 mask_mean=0.700 mask<0.5=0.264
Epoch 16/20 loss=0.10245 cls=0.05097 cons=0.00669 mask_mean=0.711 mask<0.5=0.249
Epoch 17/20 loss=0.07297 cls=0.03618 cons=0.00511 mask_mean=0.719 mask<0.5=0.244
Epoch 18/20 loss=0.06680 cls=0.03306 cons=0.00542 mask_mean=0.753 mask<0.5=0.199
Epoch 19/20 loss=0.10367 cls=0.05314 cons=0.00553 mask_mean=0.738 mask<0.5=0.219
Epoch 20/20 loss=0.09856 cls=0.05084 cons=0.00507 mask_mean=0.735 mask<0.5=0.222
Fold 3 accuracy: 0.7885

========== FOLD 4 ==========
Unexpected keys (bn2.num_batches_tracked, bn2.bias, bn2.running_mean, bn2.running_var, bn2.weight, classifier.bias, classifier.weight, conv_head.weight) found while loading pretrained weights. This may be expected if model is being adapted.
Epoch 01/20 loss=2.14952 cls=1.10121 cons=0.12683 mask_mean=0.579 mask<0.5=0.395
Epoch 02/20 loss=1.15933 cls=0.60682 cons=0.06375 mask_mean=0.611 mask<0.5=0.383
Epoch 03/20 loss=0.91608 cls=0.48138 cons=0.05046 mask_mean=0.629 mask<0.5=0.373
Epoch 04/20 loss=0.71135 cls=0.36892 cons=0.03667 mask_mean=0.654 mask<0.5=0.346
Epoch 05/20 loss=0.56120 cls=0.28918 cons=0.02770 mask_mean=0.679 mask<0.5=0.317
Epoch 06/20 loss=0.46111 cls=0.23861 cons=0.02306 mask_mean=0.689 mask<0.5=0.307
Epoch 07/20 loss=0.39034 cls=0.20287 cons=0.02069 mask_mean=0.709 mask<0.5=0.278
Epoch 08/20 loss=0.27640 cls=0.14155 cons=0.01638 mask_mean=0.708 mask<0.5=0.282
Epoch 09/20 loss=0.23725 cls=0.12175 cons=0.01297 mask_mean=0.720 mask<0.5=0.265
Epoch 10/20 loss=0.20837 cls=0.10765 cons=0.01083 mask_mean=0.723 mask<0.5=0.261
Epoch 11/20 loss=0.18953 cls=0.09741 cons=0.01078 mask_mean=0.736 mask<0.5=0.242
Epoch 12/20 loss=0.17134 cls=0.08926 cons=0.01074 mask_mean=0.727 mask<0.5=0.260
Epoch 13/20 loss=0.14828 cls=0.07547 cons=0.00876 mask_mean=0.734 mask<0.5=0.250
Epoch 14/20 loss=0.11637 cls=0.05966 cons=0.00682 mask_mean=0.741 mask<0.5=0.241
Epoch 15/20 loss=0.12089 cls=0.06365 cons=0.00769 mask_mean=0.742 mask<0.5=0.241
Epoch 16/20 loss=0.09556 cls=0.04833 cons=0.00575 mask_mean=0.741 mask<0.5=0.247
Epoch 17/20 loss=0.10055 cls=0.05298 cons=0.00596 mask_mean=0.738 mask<0.5=0.252
Epoch 18/20 loss=0.08499 cls=0.04450 cons=0.00601 mask_mean=0.736 mask<0.5=0.260
Epoch 19/20 loss=0.10233 cls=0.05397 cons=0.00823 mask_mean=0.729 mask<0.5=0.273
Epoch 20/20 loss=0.05381 cls=0.02811 cons=0.00459 mask_mean=0.740 mask<0.5=0.253
Fold 4 accuracy: 0.8227

========== OOF SUMMARY ==========
Accuracy: 0.818972
Macro P/R/F1: 0.6854 / 0.6580 / 0.6693
Saved: results\scnoprior_b0_ce_lambda0.1_seed42_20261006_170106
Device: cuda
Model: sc b0
Image size: 224
Results: results\scnoprior_b0_ce_lambda0.1_seed43_20261006_172636
Checkpoints: checkpoints\scnoprior_b0_ce_lambda0.1_seed43_20261006_172636

========== FOLD 0 ==========
Warning: You are sending unauthenticated requests to the HF Hub. Please set a HF_TOKEN to enable higher rate limits and faster downloads.
Unexpected keys (bn2.num_batches_tracked, bn2.bias, bn2.running_mean, bn2.running_var, bn2.weight, classifier.bias, classifier.weight, conv_head.weight) found while loading pretrained weights. This may be expected if model is being adapted.
Epoch 01/20 loss=2.13031 cls=1.08881 cons=0.15106 mask_mean=0.432 mask<0.5=0.613
Epoch 02/20 loss=1.15957 cls=0.59805 cons=0.06971 mask_mean=0.504 mask<0.5=0.508
Epoch 03/20 loss=0.91567 cls=0.47272 cons=0.04719 mask_mean=0.556 mask<0.5=0.440
Epoch 04/20 loss=0.73533 cls=0.37989 cons=0.03476 mask_mean=0.576 mask<0.5=0.416
Epoch 05/20 loss=0.56781 cls=0.29186 cons=0.02768 mask_mean=0.597 mask<0.5=0.388
Epoch 06/20 loss=0.43814 cls=0.22213 cons=0.02036 mask_mean=0.646 mask<0.5=0.313
Epoch 07/20 loss=0.36238 cls=0.18382 cons=0.01550 mask_mean=0.679 mask<0.5=0.261
Epoch 08/20 loss=0.30597 cls=0.15539 cons=0.01277 mask_mean=0.676 mask<0.5=0.272
Epoch 09/20 loss=0.24614 cls=0.12378 cons=0.01081 mask_mean=0.711 mask<0.5=0.216
Epoch 10/20 loss=0.20003 cls=0.10105 cons=0.00879 mask_mean=0.716 mask<0.5=0.210
Epoch 11/20 loss=0.17678 cls=0.08844 cons=0.00764 mask_mean=0.751 mask<0.5=0.157
Epoch 12/20 loss=0.13140 cls=0.06670 cons=0.00591 mask_mean=0.758 mask<0.5=0.147
Epoch 13/20 loss=0.11909 cls=0.05978 cons=0.00503 mask_mean=0.756 mask<0.5=0.151
Epoch 14/20 loss=0.13722 cls=0.06979 cons=0.00499 mask_mean=0.742 mask<0.5=0.172
Epoch 15/20 loss=0.10374 cls=0.05299 cons=0.00536 mask_mean=0.745 mask<0.5=0.170
Epoch 16/20 loss=0.10522 cls=0.05332 cons=0.00375 mask_mean=0.750 mask<0.5=0.165
Epoch 17/20 loss=0.08874 cls=0.04507 cons=0.00385 mask_mean=0.743 mask<0.5=0.176
Epoch 18/20 loss=0.07590 cls=0.03852 cons=0.00322 mask_mean=0.743 mask<0.5=0.177
Epoch 19/20 loss=0.08994 cls=0.04465 cons=0.00361 mask_mean=0.745 mask<0.5=0.174
Epoch 20/20 loss=0.07886 cls=0.03946 cons=0.00352 mask_mean=0.777 mask<0.5=0.128
Fold 0 accuracy: 0.8352

========== FOLD 1 ==========
Unexpected keys (bn2.num_batches_tracked, bn2.bias, bn2.running_mean, bn2.running_var, bn2.weight, classifier.bias, classifier.weight, conv_head.weight) found while loading pretrained weights. This may be expected if model is being adapted.
Epoch 01/20 loss=2.14788 cls=1.13398 cons=0.17858 mask_mean=0.540 mask<0.5=0.444
Epoch 02/20 loss=1.19755 cls=0.63267 cons=0.09387 mask_mean=0.638 mask<0.5=0.327
Epoch 03/20 loss=0.88881 cls=0.45561 cons=0.05992 mask_mean=0.684 mask<0.5=0.290
Epoch 04/20 loss=0.70117 cls=0.35969 cons=0.04447 mask_mean=0.716 mask<0.5=0.261
Epoch 05/20 loss=0.56562 cls=0.28984 cons=0.03834 mask_mean=0.734 mask<0.5=0.245
Epoch 06/20 loss=0.46461 cls=0.24227 cons=0.02935 mask_mean=0.751 mask<0.5=0.231
Epoch 07/20 loss=0.37239 cls=0.19077 cons=0.02323 mask_mean=0.761 mask<0.5=0.225
Epoch 08/20 loss=0.26404 cls=0.13139 cons=0.01724 mask_mean=0.775 mask<0.5=0.213
Epoch 09/20 loss=0.21655 cls=0.11120 cons=0.01366 mask_mean=0.789 mask<0.5=0.200
Epoch 10/20 loss=0.17030 cls=0.08686 cons=0.01044 mask_mean=0.796 mask<0.5=0.193
Epoch 11/20 loss=0.16387 cls=0.08336 cons=0.01117 mask_mean=0.797 mask<0.5=0.193
Epoch 12/20 loss=0.18384 cls=0.09795 cons=0.01385 mask_mean=0.800 mask<0.5=0.192
Epoch 13/20 loss=0.13481 cls=0.06943 cons=0.00897 mask_mean=0.805 mask<0.5=0.186
Epoch 14/20 loss=0.11964 cls=0.06164 cons=0.00816 mask_mean=0.806 mask<0.5=0.186
Epoch 15/20 loss=0.10009 cls=0.05212 cons=0.00716 mask_mean=0.804 mask<0.5=0.191
Epoch 16/20 loss=0.09661 cls=0.04997 cons=0.00677 mask_mean=0.805 mask<0.5=0.192
Epoch 17/20 loss=0.08797 cls=0.04479 cons=0.00570 mask_mean=0.811 mask<0.5=0.184
Epoch 18/20 loss=0.06906 cls=0.03582 cons=0.00433 mask_mean=0.810 mask<0.5=0.186
Epoch 19/20 loss=0.06314 cls=0.03221 cons=0.00388 mask_mean=0.811 mask<0.5=0.186
Epoch 20/20 loss=0.08294 cls=0.04130 cons=0.00443 mask_mean=0.818 mask<0.5=0.177
Fold 1 accuracy: 0.8307

========== FOLD 2 ==========
Unexpected keys (bn2.num_batches_tracked, bn2.bias, bn2.running_mean, bn2.running_var, bn2.weight, classifier.bias, classifier.weight, conv_head.weight) found while loading pretrained weights. This may be expected if model is being adapted.
Epoch 01/20 loss=2.12448 cls=1.09619 cons=0.13016 mask_mean=0.621 mask<0.5=0.301
Epoch 02/20 loss=1.19467 cls=0.62832 cons=0.06462 mask_mean=0.564 mask<0.5=0.442
Epoch 03/20 loss=0.89490 cls=0.46652 cons=0.04413 mask_mean=0.576 mask<0.5=0.433
Epoch 04/20 loss=0.70741 cls=0.36375 cons=0.03356 mask_mean=0.599 mask<0.5=0.407
Epoch 05/20 loss=0.58265 cls=0.29916 cons=0.02767 mask_mean=0.613 mask<0.5=0.388
Epoch 06/20 loss=0.48039 cls=0.24523 cons=0.02209 mask_mean=0.626 mask<0.5=0.376
Epoch 07/20 loss=0.37913 cls=0.19386 cons=0.01833 mask_mean=0.649 mask<0.5=0.341
Epoch 08/20 loss=0.32387 cls=0.16540 cons=0.01589 mask_mean=0.638 mask<0.5=0.360
Epoch 09/20 loss=0.25544 cls=0.13012 cons=0.01322 mask_mean=0.651 mask<0.5=0.342
Epoch 10/20 loss=0.18270 cls=0.09333 cons=0.00991 mask_mean=0.675 mask<0.5=0.308
Epoch 11/20 loss=0.18070 cls=0.09311 cons=0.00754 mask_mean=0.689 mask<0.5=0.287
Epoch 12/20 loss=0.16061 cls=0.08256 cons=0.00784 mask_mean=0.677 mask<0.5=0.306
Epoch 13/20 loss=0.11531 cls=0.06008 cons=0.00682 mask_mean=0.686 mask<0.5=0.292
Epoch 14/20 loss=0.13937 cls=0.07158 cons=0.00795 mask_mean=0.668 mask<0.5=0.324
Epoch 15/20 loss=0.10654 cls=0.05552 cons=0.00619 mask_mean=0.674 mask<0.5=0.313
Epoch 16/20 loss=0.13253 cls=0.06806 cons=0.00657 mask_mean=0.679 mask<0.5=0.305
Epoch 17/20 loss=0.11014 cls=0.05528 cons=0.00626 mask_mean=0.683 mask<0.5=0.300
Epoch 18/20 loss=0.07741 cls=0.03977 cons=0.00443 mask_mean=0.711 mask<0.5=0.255
Epoch 19/20 loss=0.05854 cls=0.03041 cons=0.00348 mask_mean=0.702 mask<0.5=0.269
Epoch 20/20 loss=0.08588 cls=0.04462 cons=0.00451 mask_mean=0.703 mask<0.5=0.262
Fold 2 accuracy: 0.8269

========== FOLD 3 ==========
Unexpected keys (bn2.num_batches_tracked, bn2.bias, bn2.running_mean, bn2.running_var, bn2.weight, classifier.bias, classifier.weight, conv_head.weight) found while loading pretrained weights. This may be expected if model is being adapted.
Epoch 01/20 loss=2.10652 cls=1.13258 cons=0.16421 mask_mean=0.640 mask<0.5=0.287
Epoch 02/20 loss=1.14867 cls=0.61659 cons=0.07839 mask_mean=0.693 mask<0.5=0.243
Epoch 03/20 loss=0.87188 cls=0.45554 cons=0.05097 mask_mean=0.722 mask<0.5=0.226
Epoch 04/20 loss=0.71594 cls=0.37400 cons=0.04039 mask_mean=0.741 mask<0.5=0.214
Epoch 05/20 loss=0.54826 cls=0.28536 cons=0.02959 mask_mean=0.753 mask<0.5=0.208
Epoch 06/20 loss=0.42431 cls=0.21583 cons=0.02253 mask_mean=0.771 mask<0.5=0.193
Epoch 07/20 loss=0.32524 cls=0.16626 cons=0.01839 mask_mean=0.785 mask<0.5=0.180
Epoch 08/20 loss=0.26975 cls=0.13873 cons=0.01416 mask_mean=0.792 mask<0.5=0.176
Epoch 09/20 loss=0.26009 cls=0.13521 cons=0.01421 mask_mean=0.799 mask<0.5=0.170
Epoch 10/20 loss=0.19681 cls=0.10114 cons=0.01162 mask_mean=0.809 mask<0.5=0.165
Epoch 11/20 loss=0.16465 cls=0.08596 cons=0.00925 mask_mean=0.809 mask<0.5=0.165
Epoch 12/20 loss=0.15444 cls=0.08010 cons=0.00820 mask_mean=0.815 mask<0.5=0.160
Epoch 13/20 loss=0.12495 cls=0.06380 cons=0.00699 mask_mean=0.818 mask<0.5=0.158
Epoch 14/20 loss=0.09175 cls=0.04643 cons=0.00607 mask_mean=0.823 mask<0.5=0.155
Epoch 15/20 loss=0.09925 cls=0.05070 cons=0.00591 mask_mean=0.833 mask<0.5=0.150
Epoch 16/20 loss=0.08456 cls=0.04415 cons=0.00465 mask_mean=0.833 mask<0.5=0.152
Epoch 17/20 loss=0.09585 cls=0.05021 cons=0.00579 mask_mean=0.832 mask<0.5=0.151
Epoch 18/20 loss=0.07435 cls=0.03834 cons=0.00430 mask_mean=0.830 mask<0.5=0.152
Epoch 19/20 loss=0.06288 cls=0.03227 cons=0.00363 mask_mean=0.830 mask<0.5=0.152
Epoch 20/20 loss=0.06247 cls=0.03214 cons=0.00369 mask_mean=0.831 mask<0.5=0.152
Fold 3 accuracy: 0.8108

========== FOLD 4 ==========
Unexpected keys (bn2.num_batches_tracked, bn2.bias, bn2.running_mean, bn2.running_var, bn2.weight, classifier.bias, classifier.weight, conv_head.weight) found while loading pretrained weights. This may be expected if model is being adapted.
Epoch 01/20 loss=2.18545 cls=1.10132 cons=0.12078 mask_mean=0.745 mask<0.5=0.174
Epoch 02/20 loss=1.16861 cls=0.60505 cons=0.04791 mask_mean=0.760 mask<0.5=0.191
Epoch 03/20 loss=0.92949 cls=0.48141 cons=0.04191 mask_mean=0.772 mask<0.5=0.194
Epoch 04/20 loss=0.73256 cls=0.37655 cons=0.03101 mask_mean=0.788 mask<0.5=0.185
Epoch 05/20 loss=0.61230 cls=0.31917 cons=0.02686 mask_mean=0.793 mask<0.5=0.185
Epoch 06/20 loss=0.49040 cls=0.25273 cons=0.02219 mask_mean=0.807 mask<0.5=0.174
Epoch 07/20 loss=0.37753 cls=0.19270 cons=0.01615 mask_mean=0.818 mask<0.5=0.163
Epoch 08/20 loss=0.32148 cls=0.16435 cons=0.01328 mask_mean=0.827 mask<0.5=0.155
Epoch 09/20 loss=0.24753 cls=0.12676 cons=0.01168 mask_mean=0.840 mask<0.5=0.140
Epoch 10/20 loss=0.25679 cls=0.13362 cons=0.01227 mask_mean=0.833 mask<0.5=0.150
Epoch 11/20 loss=0.20616 cls=0.10683 cons=0.01181 mask_mean=0.824 mask<0.5=0.166
Epoch 12/20 loss=0.17712 cls=0.09400 cons=0.01334 mask_mean=0.822 mask<0.5=0.169
Epoch 13/20 loss=0.14783 cls=0.07701 cons=0.00896 mask_mean=0.834 mask<0.5=0.154
Epoch 14/20 loss=0.12292 cls=0.06347 cons=0.00810 mask_mean=0.835 mask<0.5=0.155
Epoch 15/20 loss=0.09602 cls=0.04930 cons=0.00584 mask_mean=0.837 mask<0.5=0.153
Epoch 16/20 loss=0.10901 cls=0.05870 cons=0.00707 mask_mean=0.837 mask<0.5=0.153
Epoch 17/20 loss=0.10216 cls=0.05188 cons=0.00484 mask_mean=0.837 mask<0.5=0.153
Epoch 18/20 loss=0.15406 cls=0.08016 cons=0.00767 mask_mean=0.831 mask<0.5=0.161
Epoch 19/20 loss=0.09387 cls=0.04768 cons=0.00491 mask_mean=0.846 mask<0.5=0.141
Epoch 20/20 loss=0.07802 cls=0.04142 cons=0.00492 mask_mean=0.844 mask<0.5=0.144
Fold 4 accuracy: 0.8470

========== OOF SUMMARY ==========
Accuracy: 0.830055
Macro P/R/F1: 0.7051 / 0.6693 / 0.6848
Saved: results\scnoprior_b0_ce_lambda0.1_seed43_20261006_172636
Device: cuda
Model: sc b0
Image size: 224
Results: results\scnoprior_b0_ce_lambda0.1_seed44_20261006_175051
Checkpoints: checkpoints\scnoprior_b0_ce_lambda0.1_seed44_20261006_175051

========== FOLD 0 ==========
Warning: You are sending unauthenticated requests to the HF Hub. Please set a HF_TOKEN to enable higher rate limits and faster downloads.
Unexpected keys (bn2.num_batches_tracked, bn2.bias, bn2.running_mean, bn2.running_var, bn2.weight, classifier.bias, classifier.weight, conv_head.weight) found while loading pretrained weights. This may be expected if model is being adapted.
Epoch 01/20 loss=2.09294 cls=1.12121 cons=0.15732 mask_mean=0.564 mask<0.5=0.421
Epoch 02/20 loss=1.13988 cls=0.60449 cons=0.08234 mask_mean=0.613 mask<0.5=0.380
Epoch 03/20 loss=0.89365 cls=0.47056 cons=0.05806 mask_mean=0.652 mask<0.5=0.343
Epoch 04/20 loss=0.67934 cls=0.35120 cons=0.03849 mask_mean=0.675 mask<0.5=0.324
Epoch 05/20 loss=0.55587 cls=0.28676 cons=0.02940 mask_mean=0.694 mask<0.5=0.307
Epoch 06/20 loss=0.43103 cls=0.22060 cons=0.02390 mask_mean=0.703 mask<0.5=0.300
Epoch 07/20 loss=0.34380 cls=0.17957 cons=0.02181 mask_mean=0.712 mask<0.5=0.294
Epoch 08/20 loss=0.29036 cls=0.14999 cons=0.01831 mask_mean=0.723 mask<0.5=0.286
Epoch 09/20 loss=0.24257 cls=0.12527 cons=0.01556 mask_mean=0.730 mask<0.5=0.281
Epoch 10/20 loss=0.17748 cls=0.08924 cons=0.01167 mask_mean=0.736 mask<0.5=0.277
Epoch 11/20 loss=0.15222 cls=0.07871 cons=0.01006 mask_mean=0.743 mask<0.5=0.272
Epoch 12/20 loss=0.13177 cls=0.06805 cons=0.00867 mask_mean=0.749 mask<0.5=0.266
Epoch 13/20 loss=0.12003 cls=0.06013 cons=0.00802 mask_mean=0.766 mask<0.5=0.245
Epoch 14/20 loss=0.15764 cls=0.08284 cons=0.00908 mask_mean=0.773 mask<0.5=0.233
Epoch 15/20 loss=0.11434 cls=0.05725 cons=0.00703 mask_mean=0.784 mask<0.5=0.221
Epoch 16/20 loss=0.09671 cls=0.04915 cons=0.00496 mask_mean=0.788 mask<0.5=0.215
Epoch 17/20 loss=0.09779 cls=0.04974 cons=0.00566 mask_mean=0.794 mask<0.5=0.208
Epoch 18/20 loss=0.08729 cls=0.04457 cons=0.00443 mask_mean=0.785 mask<0.5=0.222
Epoch 19/20 loss=0.09514 cls=0.04809 cons=0.00447 mask_mean=0.787 mask<0.5=0.219
Epoch 20/20 loss=0.08136 cls=0.04112 cons=0.00408 mask_mean=0.789 mask<0.5=0.219
Fold 0 accuracy: 0.8386

========== FOLD 1 ==========
Unexpected keys (bn2.num_batches_tracked, bn2.bias, bn2.running_mean, bn2.running_var, bn2.weight, classifier.bias, classifier.weight, conv_head.weight) found while loading pretrained weights. This may be expected if model is being adapted.
Epoch 01/20 loss=2.07784 cls=1.13196 cons=0.16974 mask_mean=0.603 mask<0.5=0.391
Epoch 02/20 loss=1.15680 cls=0.62491 cons=0.08487 mask_mean=0.608 mask<0.5=0.397
Epoch 03/20 loss=0.88831 cls=0.46837 cons=0.05339 mask_mean=0.635 mask<0.5=0.365
Epoch 04/20 loss=0.70774 cls=0.37476 cons=0.04447 mask_mean=0.650 mask<0.5=0.347
Epoch 05/20 loss=0.51190 cls=0.26498 cons=0.03092 mask_mean=0.672 mask<0.5=0.323
Epoch 06/20 loss=0.41869 cls=0.21697 cons=0.02481 mask_mean=0.690 mask<0.5=0.303
Epoch 07/20 loss=0.36403 cls=0.18937 cons=0.02295 mask_mean=0.700 mask<0.5=0.292
Epoch 08/20 loss=0.23462 cls=0.11851 cons=0.01448 mask_mean=0.706 mask<0.5=0.286
Epoch 09/20 loss=0.19130 cls=0.09786 cons=0.01016 mask_mean=0.715 mask<0.5=0.276
Epoch 10/20 loss=0.17652 cls=0.09035 cons=0.01034 mask_mean=0.719 mask<0.5=0.273
Epoch 11/20 loss=0.14799 cls=0.07520 cons=0.00903 mask_mean=0.730 mask<0.5=0.258
Epoch 12/20 loss=0.13654 cls=0.07004 cons=0.00757 mask_mean=0.734 mask<0.5=0.254
Epoch 13/20 loss=0.12572 cls=0.06525 cons=0.00743 mask_mean=0.732 mask<0.5=0.256
Epoch 14/20 loss=0.09728 cls=0.05031 cons=0.00588 mask_mean=0.736 mask<0.5=0.252
Epoch 15/20 loss=0.12051 cls=0.06177 cons=0.00648 mask_mean=0.733 mask<0.5=0.258
Epoch 16/20 loss=0.08526 cls=0.04392 cons=0.00526 mask_mean=0.738 mask<0.5=0.251
Epoch 17/20 loss=0.06643 cls=0.03345 cons=0.00376 mask_mean=0.738 mask<0.5=0.254
Epoch 18/20 loss=0.06488 cls=0.03401 cons=0.00411 mask_mean=0.742 mask<0.5=0.249
Epoch 19/20 loss=0.06740 cls=0.03403 cons=0.00339 mask_mean=0.743 mask<0.5=0.248
Epoch 20/20 loss=0.07910 cls=0.04136 cons=0.00466 mask_mean=0.744 mask<0.5=0.245
Fold 1 accuracy: 0.8237

========== FOLD 2 ==========
Unexpected keys (bn2.num_batches_tracked, bn2.bias, bn2.running_mean, bn2.running_var, bn2.weight, classifier.bias, classifier.weight, conv_head.weight) found while loading pretrained weights. This may be expected if model is being adapted.
Epoch 01/20 loss=2.05582 cls=1.10646 cons=0.18752 mask_mean=0.487 mask<0.5=0.523
Epoch 02/20 loss=1.16947 cls=0.62551 cons=0.10018 mask_mean=0.586 mask<0.5=0.407
Epoch 03/20 loss=0.86948 cls=0.46045 cons=0.06903 mask_mean=0.628 mask<0.5=0.367
Epoch 04/20 loss=0.66888 cls=0.34442 cons=0.05139 mask_mean=0.657 mask<0.5=0.340
Epoch 05/20 loss=0.52717 cls=0.27076 cons=0.03877 mask_mean=0.687 mask<0.5=0.308
Epoch 06/20 loss=0.40954 cls=0.21290 cons=0.03019 mask_mean=0.698 mask<0.5=0.295
Epoch 07/20 loss=0.35576 cls=0.18507 cons=0.02594 mask_mean=0.707 mask<0.5=0.289
Epoch 08/20 loss=0.28640 cls=0.14868 cons=0.01951 mask_mean=0.716 mask<0.5=0.280
Epoch 09/20 loss=0.21486 cls=0.11101 cons=0.01570 mask_mean=0.731 mask<0.5=0.263
Epoch 10/20 loss=0.19035 cls=0.09940 cons=0.01407 mask_mean=0.739 mask<0.5=0.256
Epoch 11/20 loss=0.17437 cls=0.09010 cons=0.01123 mask_mean=0.739 mask<0.5=0.257
Epoch 12/20 loss=0.15101 cls=0.08003 cons=0.01204 mask_mean=0.740 mask<0.5=0.258
Epoch 13/20 loss=0.15660 cls=0.08464 cons=0.01246 mask_mean=0.752 mask<0.5=0.245
Epoch 14/20 loss=0.11174 cls=0.05855 cons=0.00923 mask_mean=0.750 mask<0.5=0.246
Epoch 15/20 loss=0.10308 cls=0.05440 cons=0.00743 mask_mean=0.751 mask<0.5=0.247
Epoch 16/20 loss=0.07792 cls=0.04155 cons=0.00672 mask_mean=0.749 mask<0.5=0.250
Epoch 17/20 loss=0.10436 cls=0.05529 cons=0.00844 mask_mean=0.747 mask<0.5=0.254
Epoch 18/20 loss=0.10209 cls=0.05323 cons=0.00809 mask_mean=0.749 mask<0.5=0.250
Epoch 19/20 loss=0.08998 cls=0.04777 cons=0.00828 mask_mean=0.739 mask<0.5=0.263
Epoch 20/20 loss=0.09133 cls=0.04861 cons=0.00935 mask_mean=0.740 mask<0.5=0.263
Fold 2 accuracy: 0.8303

========== FOLD 3 ==========
Unexpected keys (bn2.num_batches_tracked, bn2.bias, bn2.running_mean, bn2.running_var, bn2.weight, classifier.bias, classifier.weight, conv_head.weight) found while loading pretrained weights. This may be expected if model is being adapted.
Epoch 01/20 loss=2.05290 cls=1.11691 cons=0.18056 mask_mean=0.523 mask<0.5=0.476
Epoch 02/20 loss=1.12274 cls=0.59267 cons=0.08490 mask_mean=0.588 mask<0.5=0.425
Epoch 03/20 loss=0.87993 cls=0.45947 cons=0.05997 mask_mean=0.615 mask<0.5=0.408
Epoch 04/20 loss=0.70893 cls=0.36644 cons=0.04524 mask_mean=0.645 mask<0.5=0.380
Epoch 05/20 loss=0.54638 cls=0.27918 cons=0.03416 mask_mean=0.671 mask<0.5=0.344
Epoch 06/20 loss=0.44583 cls=0.22853 cons=0.02735 mask_mean=0.696 mask<0.5=0.305
Epoch 07/20 loss=0.35649 cls=0.18148 cons=0.02306 mask_mean=0.700 mask<0.5=0.300
Epoch 08/20 loss=0.28459 cls=0.14753 cons=0.01952 mask_mean=0.717 mask<0.5=0.279
Epoch 09/20 loss=0.21812 cls=0.11167 cons=0.01561 mask_mean=0.723 mask<0.5=0.271
Epoch 10/20 loss=0.16095 cls=0.08133 cons=0.01018 mask_mean=0.731 mask<0.5=0.262
Epoch 11/20 loss=0.14738 cls=0.07371 cons=0.01007 mask_mean=0.741 mask<0.5=0.248
Epoch 12/20 loss=0.14076 cls=0.07154 cons=0.00860 mask_mean=0.744 mask<0.5=0.245
Epoch 13/20 loss=0.13365 cls=0.06729 cons=0.00818 mask_mean=0.747 mask<0.5=0.243
Epoch 14/20 loss=0.11760 cls=0.05986 cons=0.00747 mask_mean=0.755 mask<0.5=0.234
Epoch 15/20 loss=0.09947 cls=0.04930 cons=0.00678 mask_mean=0.762 mask<0.5=0.223
Epoch 16/20 loss=0.11549 cls=0.05850 cons=0.00685 mask_mean=0.786 mask<0.5=0.193
Epoch 17/20 loss=0.05419 cls=0.02606 cons=0.00527 mask_mean=0.793 mask<0.5=0.185
Epoch 18/20 loss=0.05937 cls=0.02994 cons=0.00415 mask_mean=0.793 mask<0.5=0.186
Epoch 19/20 loss=0.08757 cls=0.04559 cons=0.00428 mask_mean=0.783 mask<0.5=0.199
Epoch 20/20 loss=0.06704 cls=0.03397 cons=0.00409 mask_mean=0.781 mask<0.5=0.203
Fold 3 accuracy: 0.8153

========== FOLD 4 ==========
Unexpected keys (bn2.num_batches_tracked, bn2.bias, bn2.running_mean, bn2.running_var, bn2.weight, classifier.bias, classifier.weight, conv_head.weight) found while loading pretrained weights. This may be expected if model is being adapted.
Epoch 01/20 loss=2.20831 cls=1.14425 cons=0.21583 mask_mean=0.295 mask<0.5=0.803
Epoch 02/20 loss=1.25792 cls=0.64260 cons=0.11372 mask_mean=0.443 mask<0.5=0.651
Epoch 03/20 loss=0.95989 cls=0.48987 cons=0.06785 mask_mean=0.506 mask<0.5=0.557
Epoch 04/20 loss=0.73586 cls=0.37352 cons=0.04586 mask_mean=0.557 mask<0.5=0.471
Epoch 05/20 loss=0.56674 cls=0.28466 cons=0.03234 mask_mean=0.591 mask<0.5=0.414
Epoch 06/20 loss=0.45310 cls=0.22738 cons=0.02350 mask_mean=0.617 mask<0.5=0.373
Epoch 07/20 loss=0.37475 cls=0.18793 cons=0.01885 mask_mean=0.631 mask<0.5=0.353
Epoch 08/20 loss=0.31746 cls=0.16006 cons=0.01658 mask_mean=0.645 mask<0.5=0.329
Epoch 09/20 loss=0.28224 cls=0.14488 cons=0.01435 mask_mean=0.657 mask<0.5=0.306
Epoch 10/20 loss=0.19689 cls=0.09845 cons=0.01247 mask_mean=0.666 mask<0.5=0.295
Epoch 11/20 loss=0.19206 cls=0.09650 cons=0.01009 mask_mean=0.677 mask<0.5=0.277
Epoch 12/20 loss=0.16668 cls=0.08541 cons=0.00928 mask_mean=0.678 mask<0.5=0.278
Epoch 13/20 loss=0.17466 cls=0.09013 cons=0.00886 mask_mean=0.688 mask<0.5=0.256
Epoch 14/20 loss=0.12266 cls=0.06125 cons=0.00757 mask_mean=0.675 mask<0.5=0.286
Epoch 15/20 loss=0.14240 cls=0.07334 cons=0.00977 mask_mean=0.667 mask<0.5=0.308
Epoch 16/20 loss=0.11227 cls=0.05730 cons=0.00735 mask_mean=0.678 mask<0.5=0.289
Epoch 17/20 loss=0.08106 cls=0.04022 cons=0.00481 mask_mean=0.693 mask<0.5=0.260
Epoch 18/20 loss=0.10975 cls=0.05462 cons=0.00514 mask_mean=0.713 mask<0.5=0.221
Epoch 19/20 loss=0.07425 cls=0.03703 cons=0.00410 mask_mean=0.705 mask<0.5=0.237
Epoch 20/20 loss=0.08750 cls=0.04381 cons=0.00467 mask_mean=0.745 mask<0.5=0.156
Fold 4 accuracy: 0.8338

========== OOF SUMMARY ==========
Accuracy: 0.828357
Macro P/R/F1: 0.7172 / 0.6643 / 0.6871
Saved: results\scnoprior_b0_ce_lambda0.1_seed44_20261006_175051
