training\train_cv_unified.py:86: UserWarning: The given NumPy array is not writable, and PyTorch does not support non-writable tensors. This means writing to this tensor will result in undefined behavior. You may want to copy the array to protect its data or make it writable before converting it to a tensor. This type of warning will be suppressed for the rest of this program. (Triggered internally at C:\actions-runner\_work\pytorch\pytorch\torch\csrc\utils\tensor_numpy.cpp:214.)
  torch.as_tensor(weights, dtype=torch.double),
Warning: You are sending unauthenticated requests to the HF Hub. Please set a HF_TOKEN to enable higher rate limits and faster downloads.
Unexpected keys (bn2.num_batches_tracked, bn2.bias, bn2.running_mean, bn2.running_var, bn2.weight, classifier.bias, classifier.weight, conv_head.weight) found while loading pretrained weights. This may be expected if model is being adapted.
Device: cuda
Model: sc b4
Image size: 384
Results: results\scv2_b4_ce_lambda0.1_area0.5_sampler_seed43_20261005_113423
Checkpoints: checkpoints\scv2_b4_ce_lambda0.1_area0.5_sampler_seed43_20261005_113423

========== FOLD 0 ==========
Epoch 01/20 loss=2.12086 cls=0.99244 cons=0.14419 mask_mean=0.645 mask<0.5=0.350
Epoch 02/20 loss=0.96120 cls=0.45975 cons=0.05994 mask_mean=0.624 mask<0.5=0.381
Epoch 03/20 loss=0.65924 cls=0.31539 cons=0.04163 mask_mean=0.597 mask<0.5=0.411
Epoch 04/20 loss=0.49704 cls=0.23788 cons=0.03369 mask_mean=0.586 mask<0.5=0.421
Epoch 05/20 loss=0.37298 cls=0.17654 cons=0.02759 mask_mean=0.575 mask<0.5=0.432
Epoch 06/20 loss=0.30681 cls=0.14739 cons=0.02405 mask_mean=0.561 mask<0.5=0.445
Epoch 07/20 loss=0.26435 cls=0.12871 cons=0.02149 mask_mean=0.558 mask<0.5=0.447
Epoch 08/20 loss=0.19983 cls=0.09474 cons=0.01783 mask_mean=0.555 mask<0.5=0.450
Epoch 09/20 loss=0.18518 cls=0.08743 cons=0.01583 mask_mean=0.549 mask<0.5=0.456
Epoch 10/20 loss=0.16070 cls=0.07775 cons=0.01458 mask_mean=0.550 mask<0.5=0.455
Epoch 11/20 loss=0.13587 cls=0.06613 cons=0.01382 mask_mean=0.533 mask<0.5=0.471
Epoch 12/20 loss=0.10860 cls=0.05235 cons=0.01267 mask_mean=0.538 mask<0.5=0.466
Epoch 13/20 loss=0.11996 cls=0.05807 cons=0.01281 mask_mean=0.525 mask<0.5=0.478
Epoch 14/20 loss=0.09006 cls=0.04344 cons=0.01021 mask_mean=0.535 mask<0.5=0.468
Epoch 15/20 loss=0.08562 cls=0.04241 cons=0.00978 mask_mean=0.526 mask<0.5=0.478
Epoch 16/20 loss=0.07453 cls=0.03594 cons=0.00830 mask_mean=0.520 mask<0.5=0.483
Epoch 17/20 loss=0.08066 cls=0.03967 cons=0.01040 mask_mean=0.525 mask<0.5=0.479
Epoch 18/20 loss=0.06427 cls=0.03048 cons=0.00840 mask_mean=0.524 mask<0.5=0.479
Epoch 19/20 loss=0.06138 cls=0.02991 cons=0.00829 mask_mean=0.528 mask<0.5=0.476
Epoch 20/20 loss=0.06147 cls=0.03024 cons=0.00740 mask_mean=0.517 mask<0.5=0.486
Unexpected keys (bn2.num_batches_tracked, bn2.bias, bn2.running_mean, bn2.running_var, bn2.weight, classifier.bias, classifier.weight, conv_head.weight) found while loading pretrained weights. This may be expected if model is being adapted.
Fold 0 accuracy: 0.8550

========== FOLD 1 ==========
Epoch 01/20 loss=2.26534 cls=1.04975 cons=0.15904 mask_mean=0.834 mask<0.5=0.152
Epoch 02/20 loss=1.01678 cls=0.47808 cons=0.05644 mask_mean=0.624 mask<0.5=0.357
Epoch 03/20 loss=0.66350 cls=0.31501 cons=0.03640 mask_mean=0.581 mask<0.5=0.407
Epoch 04/20 loss=0.50689 cls=0.24192 cons=0.02767 mask_mean=0.560 mask<0.5=0.436
Epoch 05/20 loss=0.37952 cls=0.18051 cons=0.02050 mask_mean=0.542 mask<0.5=0.460
Epoch 06/20 loss=0.30280 cls=0.14510 cons=0.01731 mask_mean=0.532 mask<0.5=0.473
Epoch 07/20 loss=0.23698 cls=0.11299 cons=0.01424 mask_mean=0.523 mask<0.5=0.484
Epoch 08/20 loss=0.19915 cls=0.09508 cons=0.01210 mask_mean=0.517 mask<0.5=0.493
Epoch 09/20 loss=0.19434 cls=0.09305 cons=0.01131 mask_mean=0.513 mask<0.5=0.497
Epoch 10/20 loss=0.16781 cls=0.08096 cons=0.01016 mask_mean=0.513 mask<0.5=0.497
Epoch 11/20 loss=0.14120 cls=0.06610 cons=0.00926 mask_mean=0.509 mask<0.5=0.503
Epoch 12/20 loss=0.12752 cls=0.06025 cons=0.00947 mask_mean=0.505 mask<0.5=0.509
Epoch 13/20 loss=0.11798 cls=0.05525 cons=0.00733 mask_mean=0.502 mask<0.5=0.511
Epoch 14/20 loss=0.10502 cls=0.04868 cons=0.00783 mask_mean=0.505 mask<0.5=0.507
Epoch 15/20 loss=0.09343 cls=0.04273 cons=0.00734 mask_mean=0.506 mask<0.5=0.505
Epoch 16/20 loss=0.08283 cls=0.03851 cons=0.00634 mask_mean=0.502 mask<0.5=0.508
Epoch 17/20 loss=0.08015 cls=0.03747 cons=0.00569 mask_mean=0.501 mask<0.5=0.510
Epoch 18/20 loss=0.07048 cls=0.03193 cons=0.00579 mask_mean=0.506 mask<0.5=0.505
Epoch 19/20 loss=0.07950 cls=0.03706 cons=0.00599 mask_mean=0.500 mask<0.5=0.510
Epoch 20/20 loss=0.08243 cls=0.03887 cons=0.00636 mask_mean=0.500 mask<0.5=0.510
Unexpected keys (bn2.num_batches_tracked, bn2.bias, bn2.running_mean, bn2.running_var, bn2.weight, classifier.bias, classifier.weight, conv_head.weight) found while loading pretrained weights. This may be expected if model is being adapted.
Fold 1 accuracy: 0.8493

========== FOLD 2 ==========
Epoch 01/20 loss=2.14375 cls=1.01677 cons=0.14437 mask_mean=0.689 mask<0.5=0.298
Epoch 02/20 loss=0.96244 cls=0.46172 cons=0.05527 mask_mean=0.625 mask<0.5=0.374
Epoch 03/20 loss=0.68585 cls=0.32680 cons=0.03875 mask_mean=0.595 mask<0.5=0.408
Epoch 04/20 loss=0.49870 cls=0.24104 cons=0.02952 mask_mean=0.575 mask<0.5=0.429
Epoch 05/20 loss=0.37834 cls=0.18436 cons=0.02369 mask_mean=0.561 mask<0.5=0.444
Epoch 06/20 loss=0.30459 cls=0.14794 cons=0.02034 mask_mean=0.551 mask<0.5=0.453
Epoch 07/20 loss=0.25237 cls=0.12166 cons=0.01794 mask_mean=0.544 mask<0.5=0.459
Epoch 08/20 loss=0.21705 cls=0.10516 cons=0.01706 mask_mean=0.532 mask<0.5=0.470
Epoch 09/20 loss=0.18243 cls=0.08935 cons=0.01479 mask_mean=0.532 mask<0.5=0.471
Epoch 10/20 loss=0.15461 cls=0.07592 cons=0.01210 mask_mean=0.528 mask<0.5=0.475
Epoch 11/20 loss=0.13108 cls=0.06357 cons=0.01069 mask_mean=0.527 mask<0.5=0.475
Epoch 12/20 loss=0.12507 cls=0.06146 cons=0.01095 mask_mean=0.515 mask<0.5=0.487
Epoch 13/20 loss=0.11201 cls=0.05484 cons=0.01024 mask_mean=0.518 mask<0.5=0.484
Epoch 14/20 loss=0.09413 cls=0.04551 cons=0.00823 mask_mean=0.515 mask<0.5=0.487
Epoch 15/20 loss=0.09115 cls=0.04456 cons=0.00896 mask_mean=0.517 mask<0.5=0.485
Epoch 16/20 loss=0.08876 cls=0.04399 cons=0.00776 mask_mean=0.512 mask<0.5=0.490
Epoch 17/20 loss=0.06921 cls=0.03343 cons=0.00690 mask_mean=0.516 mask<0.5=0.485
Epoch 18/20 loss=0.08346 cls=0.04141 cons=0.00823 mask_mean=0.516 mask<0.5=0.485
Epoch 19/20 loss=0.06467 cls=0.03182 cons=0.00784 mask_mean=0.514 mask<0.5=0.487
Epoch 20/20 loss=0.06183 cls=0.03114 cons=0.00787 mask_mean=0.514 mask<0.5=0.487
Unexpected keys (bn2.num_batches_tracked, bn2.bias, bn2.running_mean, bn2.running_var, bn2.weight, classifier.bias, classifier.weight, conv_head.weight) found while loading pretrained weights. This may be expected if model is being adapted.
Fold 2 accuracy: 0.8617

========== FOLD 3 ==========
Epoch 01/20 loss=2.20125 cls=1.04010 cons=0.15043 mask_mean=0.633 mask<0.5=0.358
Epoch 02/20 loss=1.03401 cls=0.48537 cons=0.05959 mask_mean=0.645 mask<0.5=0.353
Epoch 03/20 loss=0.67007 cls=0.31151 cons=0.04044 mask_mean=0.625 mask<0.5=0.374
Epoch 04/20 loss=0.49504 cls=0.23065 cons=0.03233 mask_mean=0.607 mask<0.5=0.393
Epoch 05/20 loss=0.36794 cls=0.17280 cons=0.02501 mask_mean=0.595 mask<0.5=0.407
Epoch 06/20 loss=0.29266 cls=0.13893 cons=0.02142 mask_mean=0.570 mask<0.5=0.432
Epoch 07/20 loss=0.23569 cls=0.11030 cons=0.01832 mask_mean=0.569 mask<0.5=0.434
Epoch 08/20 loss=0.21700 cls=0.10292 cons=0.01855 mask_mean=0.557 mask<0.5=0.447
Epoch 09/20 loss=0.18073 cls=0.08509 cons=0.01603 mask_mean=0.549 mask<0.5=0.456
Epoch 10/20 loss=0.16908 cls=0.07928 cons=0.01506 mask_mean=0.546 mask<0.5=0.459
Epoch 11/20 loss=0.13732 cls=0.06576 cons=0.01239 mask_mean=0.532 mask<0.5=0.473
Epoch 12/20 loss=0.14463 cls=0.06901 cons=0.01321 mask_mean=0.533 mask<0.5=0.472
Epoch 13/20 loss=0.10787 cls=0.04973 cons=0.01070 mask_mean=0.537 mask<0.5=0.469
Epoch 14/20 loss=0.10171 cls=0.04735 cons=0.01100 mask_mean=0.529 mask<0.5=0.478
Epoch 15/20 loss=0.09383 cls=0.04365 cons=0.00970 mask_mean=0.524 mask<0.5=0.483
Epoch 16/20 loss=0.07963 cls=0.03909 cons=0.00985 mask_mean=0.520 mask<0.5=0.488
Epoch 17/20 loss=0.07433 cls=0.03525 cons=0.00891 mask_mean=0.520 mask<0.5=0.487
Epoch 18/20 loss=0.07820 cls=0.03720 cons=0.00874 mask_mean=0.517 mask<0.5=0.490
Epoch 19/20 loss=0.08044 cls=0.03881 cons=0.01047 mask_mean=0.522 mask<0.5=0.485
Epoch 20/20 loss=0.06688 cls=0.03110 cons=0.00820 mask_mean=0.516 mask<0.5=0.491
Unexpected keys (bn2.num_batches_tracked, bn2.bias, bn2.running_mean, bn2.running_var, bn2.weight, classifier.bias, classifier.weight, conv_head.weight) found while loading pretrained weights. This may be expected if model is being adapted.
Fold 3 accuracy: 0.8307

========== FOLD 4 ==========
Epoch 01/20 loss=2.15114 cls=1.00873 cons=0.14828 mask_mean=0.645 mask<0.5=0.335
Epoch 02/20 loss=0.98690 cls=0.46714 cons=0.05732 mask_mean=0.618 mask<0.5=0.380
Epoch 03/20 loss=0.66542 cls=0.31795 cons=0.04020 mask_mean=0.592 mask<0.5=0.414
Epoch 04/20 loss=0.47041 cls=0.22362 cons=0.03024 mask_mean=0.574 mask<0.5=0.434
Epoch 05/20 loss=0.36420 cls=0.17431 cons=0.02547 mask_mean=0.558 mask<0.5=0.451
Epoch 06/20 loss=0.31084 cls=0.14827 cons=0.02169 mask_mean=0.546 mask<0.5=0.463
Epoch 07/20 loss=0.23907 cls=0.11485 cons=0.01773 mask_mean=0.544 mask<0.5=0.465
Epoch 08/20 loss=0.20848 cls=0.09864 cons=0.01613 mask_mean=0.538 mask<0.5=0.470
Epoch 09/20 loss=0.17802 cls=0.08627 cons=0.01473 mask_mean=0.531 mask<0.5=0.477
Epoch 10/20 loss=0.16208 cls=0.07696 cons=0.01285 mask_mean=0.526 mask<0.5=0.481
Epoch 11/20 loss=0.14344 cls=0.06805 cons=0.01250 mask_mean=0.526 mask<0.5=0.480
Epoch 12/20 loss=0.11793 cls=0.05646 cons=0.01086 mask_mean=0.521 mask<0.5=0.485
Epoch 13/20 loss=0.11698 cls=0.05647 cons=0.00994 mask_mean=0.516 mask<0.5=0.490
Epoch 14/20 loss=0.10235 cls=0.04838 cons=0.00949 mask_mean=0.524 mask<0.5=0.482
Epoch 15/20 loss=0.08895 cls=0.04297 cons=0.00817 mask_mean=0.518 mask<0.5=0.487
Epoch 16/20 loss=0.09294 cls=0.04506 cons=0.00922 mask_mean=0.514 mask<0.5=0.490
Epoch 17/20 loss=0.08215 cls=0.04014 cons=0.00924 mask_mean=0.511 mask<0.5=0.493
Epoch 18/20 loss=0.06484 cls=0.03165 cons=0.00784 mask_mean=0.517 mask<0.5=0.487
Epoch 19/20 loss=0.06496 cls=0.03181 cons=0.00883 mask_mean=0.514 mask<0.5=0.489
Epoch 20/20 loss=0.06596 cls=0.03205 cons=0.00751 mask_mean=0.512 mask<0.5=0.491
Fold 4 accuracy: 0.8540

========== OOF SUMMARY ==========
Accuracy: 0.850125
Macro P/R/F1: 0.7690 / 0.6999 / 0.7285
Saved: results\scv2_b4_ce_lambda0.1_area0.5_sampler_seed43_20261005_113423
training\train_cv_unified.py:86: UserWarning: The given NumPy array is not writable, and PyTorch does not support non-writable tensors. This means writing to this tensor will result in undefined behavior. You may want to copy the array to protect its data or make it writable before converting it to a tensor. This type of warning will be suppressed for the rest of this program. (Triggered internally at C:\actions-runner\_work\pytorch\pytorch\torch\csrc\utils\tensor_numpy.cpp:214.)
  torch.as_tensor(weights, dtype=torch.double),
Warning: You are sending unauthenticated requests to the HF Hub. Please set a HF_TOKEN to enable higher rate limits and faster downloads.
Unexpected keys (bn2.num_batches_tracked, bn2.bias, bn2.running_mean, bn2.running_var, bn2.weight, classifier.bias, classifier.weight, conv_head.weight) found while loading pretrained weights. This may be expected if model is being adapted.
Device: cuda
Model: sc b4
Image size: 384
Results: results\scv2_b4_ce_lambda0.1_area0.5_sampler_seed44_20261005_135223
Checkpoints: checkpoints\scv2_b4_ce_lambda0.1_area0.5_sampler_seed44_20261005_135223

========== FOLD 0 ==========
Epoch 01/20 loss=2.15829 cls=1.02382 cons=0.15163 mask_mean=0.636 mask<0.5=0.360
Epoch 02/20 loss=0.91676 cls=0.43750 cons=0.05822 mask_mean=0.638 mask<0.5=0.364
Epoch 03/20 loss=0.66197 cls=0.31842 cons=0.04147 mask_mean=0.607 mask<0.5=0.397
Epoch 04/20 loss=0.47972 cls=0.22978 cons=0.03059 mask_mean=0.592 mask<0.5=0.413
Epoch 05/20 loss=0.37685 cls=0.18343 cons=0.02650 mask_mean=0.577 mask<0.5=0.427
Epoch 06/20 loss=0.29079 cls=0.13965 cons=0.02255 mask_mean=0.566 mask<0.5=0.438
Epoch 07/20 loss=0.23697 cls=0.11314 cons=0.01897 mask_mean=0.559 mask<0.5=0.444
Epoch 08/20 loss=0.20670 cls=0.09976 cons=0.01644 mask_mean=0.555 mask<0.5=0.448
Epoch 09/20 loss=0.17044 cls=0.08276 cons=0.01610 mask_mean=0.549 mask<0.5=0.453
Epoch 10/20 loss=0.14327 cls=0.07080 cons=0.01329 mask_mean=0.542 mask<0.5=0.459
Epoch 11/20 loss=0.14057 cls=0.06851 cons=0.01272 mask_mean=0.537 mask<0.5=0.465
Epoch 12/20 loss=0.12096 cls=0.05865 cons=0.01230 mask_mean=0.532 mask<0.5=0.469
Epoch 13/20 loss=0.10769 cls=0.05081 cons=0.00992 mask_mean=0.534 mask<0.5=0.467
Epoch 14/20 loss=0.08883 cls=0.04263 cons=0.00929 mask_mean=0.524 mask<0.5=0.477
Epoch 15/20 loss=0.08448 cls=0.04128 cons=0.00976 mask_mean=0.523 mask<0.5=0.478
Epoch 16/20 loss=0.08473 cls=0.04125 cons=0.00841 mask_mean=0.527 mask<0.5=0.474
Epoch 17/20 loss=0.07906 cls=0.03879 cons=0.00907 mask_mean=0.523 mask<0.5=0.477
Epoch 18/20 loss=0.06647 cls=0.03235 cons=0.00877 mask_mean=0.517 mask<0.5=0.483
Epoch 19/20 loss=0.06273 cls=0.03014 cons=0.00844 mask_mean=0.522 mask<0.5=0.478
Epoch 20/20 loss=0.06034 cls=0.02946 cons=0.00700 mask_mean=0.516 mask<0.5=0.484
Unexpected keys (bn2.num_batches_tracked, bn2.bias, bn2.running_mean, bn2.running_var, bn2.weight, classifier.bias, classifier.weight, conv_head.weight) found while loading pretrained weights. This may be expected if model is being adapted.
Fold 0 accuracy: 0.8560

========== FOLD 1 ==========
Epoch 01/20 loss=2.11992 cls=1.00836 cons=0.14823 mask_mean=0.672 mask<0.5=0.315
Epoch 02/20 loss=0.94768 cls=0.45528 cons=0.05815 mask_mean=0.613 mask<0.5=0.389
Epoch 03/20 loss=0.63820 cls=0.30993 cons=0.03975 mask_mean=0.582 mask<0.5=0.426
Epoch 04/20 loss=0.49147 cls=0.24034 cons=0.03224 mask_mean=0.567 mask<0.5=0.443
Epoch 05/20 loss=0.37805 cls=0.18387 cons=0.02561 mask_mean=0.558 mask<0.5=0.451
Epoch 06/20 loss=0.31126 cls=0.14982 cons=0.02136 mask_mean=0.547 mask<0.5=0.463
Epoch 07/20 loss=0.24665 cls=0.11999 cons=0.01866 mask_mean=0.542 mask<0.5=0.468
Epoch 08/20 loss=0.22403 cls=0.10803 cons=0.01729 mask_mean=0.535 mask<0.5=0.474
Epoch 09/20 loss=0.17895 cls=0.08655 cons=0.01330 mask_mean=0.532 mask<0.5=0.478
Epoch 10/20 loss=0.16571 cls=0.08037 cons=0.01370 mask_mean=0.528 mask<0.5=0.482
Epoch 11/20 loss=0.14264 cls=0.06922 cons=0.01278 mask_mean=0.521 mask<0.5=0.489
Epoch 12/20 loss=0.11760 cls=0.05795 cons=0.01093 mask_mean=0.521 mask<0.5=0.488
Epoch 13/20 loss=0.11089 cls=0.05439 cons=0.00987 mask_mean=0.518 mask<0.5=0.491
Epoch 14/20 loss=0.09726 cls=0.04591 cons=0.00921 mask_mean=0.518 mask<0.5=0.491
Epoch 15/20 loss=0.09800 cls=0.04652 cons=0.00972 mask_mean=0.518 mask<0.5=0.489
Epoch 16/20 loss=0.08892 cls=0.04321 cons=0.00802 mask_mean=0.512 mask<0.5=0.495
Epoch 17/20 loss=0.07895 cls=0.03843 cons=0.01032 mask_mean=0.516 mask<0.5=0.490
Epoch 18/20 loss=0.06098 cls=0.02934 cons=0.00682 mask_mean=0.514 mask<0.5=0.492
Epoch 19/20 loss=0.06253 cls=0.02963 cons=0.00678 mask_mean=0.509 mask<0.5=0.497
Epoch 20/20 loss=0.05868 cls=0.02868 cons=0.00803 mask_mean=0.508 mask<0.5=0.498
Unexpected keys (bn2.num_batches_tracked, bn2.bias, bn2.running_mean, bn2.running_var, bn2.weight, classifier.bias, classifier.weight, conv_head.weight) found while loading pretrained weights. This may be expected if model is being adapted.
Fold 1 accuracy: 0.8528

========== FOLD 2 ==========
Epoch 01/20 loss=2.14554 cls=1.02298 cons=0.14492 mask_mean=0.659 mask<0.5=0.320
Epoch 02/20 loss=1.02932 cls=0.48972 cons=0.05839 mask_mean=0.612 mask<0.5=0.382
Epoch 03/20 loss=0.65506 cls=0.31190 cons=0.03848 mask_mean=0.589 mask<0.5=0.410
Epoch 04/20 loss=0.50886 cls=0.24475 cons=0.03051 mask_mean=0.571 mask<0.5=0.433
Epoch 05/20 loss=0.39275 cls=0.18876 cons=0.02402 mask_mean=0.554 mask<0.5=0.453
Epoch 06/20 loss=0.30611 cls=0.14662 cons=0.02140 mask_mean=0.552 mask<0.5=0.456
Epoch 07/20 loss=0.24926 cls=0.11884 cons=0.01724 mask_mean=0.543 mask<0.5=0.466
Epoch 08/20 loss=0.21577 cls=0.10398 cons=0.01621 mask_mean=0.534 mask<0.5=0.476
Epoch 09/20 loss=0.17683 cls=0.08514 cons=0.01269 mask_mean=0.532 mask<0.5=0.478
Epoch 10/20 loss=0.15052 cls=0.07257 cons=0.01118 mask_mean=0.525 mask<0.5=0.484
Epoch 11/20 loss=0.14660 cls=0.06879 cons=0.01144 mask_mean=0.526 mask<0.5=0.483
Epoch 12/20 loss=0.12296 cls=0.05881 cons=0.01043 mask_mean=0.520 mask<0.5=0.489
Epoch 13/20 loss=0.12976 cls=0.06358 cons=0.01102 mask_mean=0.517 mask<0.5=0.490
Epoch 14/20 loss=0.09565 cls=0.04485 cons=0.00925 mask_mean=0.518 mask<0.5=0.490
Epoch 15/20 loss=0.08866 cls=0.04209 cons=0.00857 mask_mean=0.516 mask<0.5=0.492
Epoch 16/20 loss=0.08800 cls=0.04135 cons=0.00760 mask_mean=0.517 mask<0.5=0.490
Epoch 17/20 loss=0.07634 cls=0.03718 cons=0.00796 mask_mean=0.512 mask<0.5=0.494
Epoch 18/20 loss=0.07337 cls=0.03504 cons=0.00788 mask_mean=0.513 mask<0.5=0.493
Epoch 19/20 loss=0.06478 cls=0.02969 cons=0.00659 mask_mean=0.511 mask<0.5=0.494
Epoch 20/20 loss=0.06733 cls=0.03249 cons=0.00736 mask_mean=0.509 mask<0.5=0.496
Unexpected keys (bn2.num_batches_tracked, bn2.bias, bn2.running_mean, bn2.running_var, bn2.weight, classifier.bias, classifier.weight, conv_head.weight) found while loading pretrained weights. This may be expected if model is being adapted.
Fold 2 accuracy: 0.8498

========== FOLD 3 ==========
Epoch 01/20 loss=2.12241 cls=0.99350 cons=0.14733 mask_mean=0.644 mask<0.5=0.339
Epoch 02/20 loss=0.96342 cls=0.44834 cons=0.05710 mask_mean=0.624 mask<0.5=0.360
Epoch 03/20 loss=0.67610 cls=0.32075 cons=0.03761 mask_mean=0.590 mask<0.5=0.400
Epoch 04/20 loss=0.49109 cls=0.23585 cons=0.02784 mask_mean=0.571 mask<0.5=0.424
Epoch 05/20 loss=0.38097 cls=0.18127 cons=0.02186 mask_mean=0.559 mask<0.5=0.439
Epoch 06/20 loss=0.30332 cls=0.14389 cons=0.01802 mask_mean=0.550 mask<0.5=0.450
Epoch 07/20 loss=0.25061 cls=0.11871 cons=0.01522 mask_mean=0.536 mask<0.5=0.466
Epoch 08/20 loss=0.22293 cls=0.10678 cons=0.01381 mask_mean=0.531 mask<0.5=0.472
Epoch 09/20 loss=0.17518 cls=0.08299 cons=0.01200 mask_mean=0.529 mask<0.5=0.475
Epoch 10/20 loss=0.16160 cls=0.07658 cons=0.00983 mask_mean=0.524 mask<0.5=0.481
Epoch 11/20 loss=0.14047 cls=0.06609 cons=0.00892 mask_mean=0.523 mask<0.5=0.482
Epoch 12/20 loss=0.12585 cls=0.05941 cons=0.00884 mask_mean=0.523 mask<0.5=0.482
Epoch 13/20 loss=0.12110 cls=0.05767 cons=0.00983 mask_mean=0.516 mask<0.5=0.489
Epoch 14/20 loss=0.09551 cls=0.04489 cons=0.00795 mask_mean=0.511 mask<0.5=0.496
Epoch 15/20 loss=0.09348 cls=0.04417 cons=0.00752 mask_mean=0.510 mask<0.5=0.496
Epoch 16/20 loss=0.07733 cls=0.03586 cons=0.00704 mask_mean=0.517 mask<0.5=0.489
Epoch 17/20 loss=0.07611 cls=0.03567 cons=0.00665 mask_mean=0.508 mask<0.5=0.498
Epoch 18/20 loss=0.06860 cls=0.03178 cons=0.00659 mask_mean=0.508 mask<0.5=0.498
Epoch 19/20 loss=0.08200 cls=0.03792 cons=0.00685 mask_mean=0.516 mask<0.5=0.489
Epoch 20/20 loss=0.05523 cls=0.02473 cons=0.00537 mask_mean=0.510 mask<0.5=0.494
Unexpected keys (bn2.num_batches_tracked, bn2.bias, bn2.running_mean, bn2.running_var, bn2.weight, classifier.bias, classifier.weight, conv_head.weight) found while loading pretrained weights. This may be expected if model is being adapted.
Fold 3 accuracy: 0.8366

========== FOLD 4 ==========
Epoch 01/20 loss=2.19064 cls=1.05409 cons=0.15077 mask_mean=0.701 mask<0.5=0.282
Epoch 02/20 loss=1.01031 cls=0.47856 cons=0.06051 mask_mean=0.654 mask<0.5=0.333
Epoch 03/20 loss=0.67197 cls=0.31582 cons=0.04110 mask_mean=0.620 mask<0.5=0.368
Epoch 04/20 loss=0.48065 cls=0.22851 cons=0.03084 mask_mean=0.592 mask<0.5=0.398
Epoch 05/20 loss=0.38188 cls=0.18174 cons=0.02262 mask_mean=0.568 mask<0.5=0.425
Epoch 06/20 loss=0.29518 cls=0.14202 cons=0.01876 mask_mean=0.551 mask<0.5=0.445
Epoch 07/20 loss=0.25617 cls=0.12337 cons=0.01558 mask_mean=0.548 mask<0.5=0.449
Epoch 08/20 loss=0.21549 cls=0.10463 cons=0.01494 mask_mean=0.540 mask<0.5=0.458
Epoch 09/20 loss=0.18845 cls=0.08997 cons=0.01235 mask_mean=0.534 mask<0.5=0.465
Epoch 10/20 loss=0.16469 cls=0.07841 cons=0.01134 mask_mean=0.523 mask<0.5=0.479
Epoch 11/20 loss=0.12214 cls=0.05800 cons=0.00944 mask_mean=0.525 mask<0.5=0.477
Epoch 12/20 loss=0.12430 cls=0.05855 cons=0.00908 mask_mean=0.517 mask<0.5=0.485
Epoch 13/20 loss=0.12105 cls=0.05772 cons=0.00771 mask_mean=0.514 mask<0.5=0.487
Epoch 14/20 loss=0.09130 cls=0.04315 cons=0.00673 mask_mean=0.514 mask<0.5=0.488
Epoch 15/20 loss=0.09793 cls=0.04714 cons=0.00783 mask_mean=0.513 mask<0.5=0.489
Epoch 16/20 loss=0.08756 cls=0.04187 cons=0.00794 mask_mean=0.513 mask<0.5=0.489
Epoch 17/20 loss=0.08288 cls=0.03903 cons=0.00710 mask_mean=0.513 mask<0.5=0.489
Epoch 18/20 loss=0.07483 cls=0.03593 cons=0.00595 mask_mean=0.507 mask<0.5=0.495
Epoch 19/20 loss=0.07766 cls=0.03740 cons=0.00604 mask_mean=0.507 mask<0.5=0.494
Epoch 20/20 loss=0.06035 cls=0.02802 cons=0.00586 mask_mean=0.512 mask<0.5=0.490
Fold 4 accuracy: 0.8616

========== OOF SUMMARY ==========
Accuracy: 0.851323
Macro P/R/F1: 0.7634 / 0.7062 / 0.7320
Saved: results\scv2_b4_ce_lambda0.1_area0.5_sampler_seed44_20261005_135223
