Warning: You are sending unauthenticated requests to the HF Hub. Please set a HF_TOKEN to enable higher rate limits and faster downloads.
Unexpected keys (bn2.num_batches_tracked, bn2.bias, bn2.running_mean, bn2.running_var, bn2.weight, classifier.bias, classifier.weight, conv_head.weight) found while loading pretrained weights. This may be expected if model is being adapted.
Device: cuda
Model: headless b0
Image size: 224
Results: results\headless_b0_ce_seed42_20261005_160955
Checkpoints: checkpoints\headless_b0_ce_seed42_20261005_160955

========== FOLD 0 ==========
Epoch 01/20 loss=1.09147 cls=1.09147 cons=0.00000
Epoch 02/20 loss=0.60077 cls=0.60077 cons=0.00000
Epoch 03/20 loss=0.47096 cls=0.47096 cons=0.00000
Epoch 04/20 loss=0.38456 cls=0.38456 cons=0.00000
Epoch 05/20 loss=0.32803 cls=0.32803 cons=0.00000
Epoch 06/20 loss=0.26436 cls=0.26436 cons=0.00000
Epoch 07/20 loss=0.21196 cls=0.21196 cons=0.00000
Epoch 08/20 loss=0.17013 cls=0.17013 cons=0.00000
Epoch 09/20 loss=0.14736 cls=0.14736 cons=0.00000
Epoch 10/20 loss=0.11667 cls=0.11667 cons=0.00000
Epoch 11/20 loss=0.08615 cls=0.08615 cons=0.00000
Epoch 12/20 loss=0.08977 cls=0.08977 cons=0.00000
Epoch 13/20 loss=0.07541 cls=0.07541 cons=0.00000
Epoch 14/20 loss=0.07050 cls=0.07050 cons=0.00000
Epoch 15/20 loss=0.05562 cls=0.05562 cons=0.00000
Epoch 16/20 loss=0.06207 cls=0.06207 cons=0.00000
Epoch 17/20 loss=0.05675 cls=0.05675 cons=0.00000
Epoch 18/20 loss=0.04504 cls=0.04504 cons=0.00000
Epoch 19/20 loss=0.04644 cls=0.04644 cons=0.00000
Epoch 20/20 loss=0.04689 cls=0.04689 cons=0.00000
Unexpected keys (bn2.num_batches_tracked, bn2.bias, bn2.running_mean, bn2.running_var, bn2.weight, classifier.bias, classifier.weight, conv_head.weight) found while loading pretrained weights. This may be expected if model is being adapted.
Fold 0 accuracy: 0.8352

========== FOLD 1 ==========
Epoch 01/20 loss=1.09673 cls=1.09673 cons=0.00000
Epoch 02/20 loss=0.62435 cls=0.62435 cons=0.00000
Epoch 03/20 loss=0.49717 cls=0.49717 cons=0.00000
Epoch 04/20 loss=0.41089 cls=0.41089 cons=0.00000
Epoch 05/20 loss=0.33153 cls=0.33153 cons=0.00000
Epoch 06/20 loss=0.25779 cls=0.25779 cons=0.00000
Epoch 07/20 loss=0.18975 cls=0.18975 cons=0.00000
Epoch 08/20 loss=0.16631 cls=0.16631 cons=0.00000
Epoch 09/20 loss=0.12968 cls=0.12968 cons=0.00000
Epoch 10/20 loss=0.10080 cls=0.10080 cons=0.00000
Epoch 11/20 loss=0.09011 cls=0.09011 cons=0.00000
Epoch 12/20 loss=0.08612 cls=0.08612 cons=0.00000
Epoch 13/20 loss=0.08421 cls=0.08421 cons=0.00000
Epoch 14/20 loss=0.06262 cls=0.06262 cons=0.00000
Epoch 15/20 loss=0.05472 cls=0.05472 cons=0.00000
Epoch 16/20 loss=0.07181 cls=0.07181 cons=0.00000
Epoch 17/20 loss=0.04842 cls=0.04842 cons=0.00000
Epoch 18/20 loss=0.06326 cls=0.06326 cons=0.00000
Epoch 19/20 loss=0.04133 cls=0.04133 cons=0.00000
Epoch 20/20 loss=0.03230 cls=0.03230 cons=0.00000
Unexpected keys (bn2.num_batches_tracked, bn2.bias, bn2.running_mean, bn2.running_var, bn2.weight, classifier.bias, classifier.weight, conv_head.weight) found while loading pretrained weights. This may be expected if model is being adapted.
Fold 1 accuracy: 0.8287

========== FOLD 2 ==========
Epoch 01/20 loss=1.08293 cls=1.08293 cons=0.00000
Epoch 02/20 loss=0.60379 cls=0.60379 cons=0.00000
Epoch 03/20 loss=0.47874 cls=0.47874 cons=0.00000
Epoch 04/20 loss=0.36841 cls=0.36841 cons=0.00000
Epoch 05/20 loss=0.31663 cls=0.31663 cons=0.00000
Epoch 06/20 loss=0.24925 cls=0.24925 cons=0.00000
Epoch 07/20 loss=0.21516 cls=0.21516 cons=0.00000
Epoch 08/20 loss=0.17302 cls=0.17302 cons=0.00000
Epoch 09/20 loss=0.13391 cls=0.13391 cons=0.00000
Epoch 10/20 loss=0.13265 cls=0.13265 cons=0.00000
Epoch 11/20 loss=0.09727 cls=0.09727 cons=0.00000
Epoch 12/20 loss=0.08025 cls=0.08025 cons=0.00000
Epoch 13/20 loss=0.08115 cls=0.08115 cons=0.00000
Epoch 14/20 loss=0.06298 cls=0.06298 cons=0.00000
Epoch 15/20 loss=0.07264 cls=0.07264 cons=0.00000
Epoch 16/20 loss=0.05742 cls=0.05742 cons=0.00000
Epoch 17/20 loss=0.05187 cls=0.05187 cons=0.00000
Epoch 18/20 loss=0.04842 cls=0.04842 cons=0.00000
Epoch 19/20 loss=0.05667 cls=0.05667 cons=0.00000
Epoch 20/20 loss=0.05144 cls=0.05144 cons=0.00000
Unexpected keys (bn2.num_batches_tracked, bn2.bias, bn2.running_mean, bn2.running_var, bn2.weight, classifier.bias, classifier.weight, conv_head.weight) found while loading pretrained weights. This may be expected if model is being adapted.
Fold 2 accuracy: 0.8303

========== FOLD 3 ==========
Epoch 01/20 loss=1.07618 cls=1.07618 cons=0.00000
Epoch 02/20 loss=0.61651 cls=0.61651 cons=0.00000
Epoch 03/20 loss=0.47248 cls=0.47248 cons=0.00000
Epoch 04/20 loss=0.36956 cls=0.36956 cons=0.00000
Epoch 05/20 loss=0.29473 cls=0.29473 cons=0.00000
Epoch 06/20 loss=0.25047 cls=0.25047 cons=0.00000
Epoch 07/20 loss=0.20953 cls=0.20953 cons=0.00000
Epoch 08/20 loss=0.18054 cls=0.18054 cons=0.00000
Epoch 09/20 loss=0.12137 cls=0.12137 cons=0.00000
Epoch 10/20 loss=0.11029 cls=0.11029 cons=0.00000
Epoch 11/20 loss=0.08822 cls=0.08822 cons=0.00000
Epoch 12/20 loss=0.08085 cls=0.08085 cons=0.00000
Epoch 13/20 loss=0.06947 cls=0.06947 cons=0.00000
Epoch 14/20 loss=0.06211 cls=0.06211 cons=0.00000
Epoch 15/20 loss=0.05872 cls=0.05872 cons=0.00000
Epoch 16/20 loss=0.07813 cls=0.07813 cons=0.00000
Epoch 17/20 loss=0.05548 cls=0.05548 cons=0.00000
Epoch 18/20 loss=0.04287 cls=0.04287 cons=0.00000
Epoch 19/20 loss=0.05377 cls=0.05377 cons=0.00000
Epoch 20/20 loss=0.03834 cls=0.03834 cons=0.00000
Unexpected keys (bn2.num_batches_tracked, bn2.bias, bn2.running_mean, bn2.running_var, bn2.weight, classifier.bias, classifier.weight, conv_head.weight) found while loading pretrained weights. This may be expected if model is being adapted.
Fold 3 accuracy: 0.8108

========== FOLD 4 ==========
Epoch 01/20 loss=1.08795 cls=1.08795 cons=0.00000
Epoch 02/20 loss=0.59182 cls=0.59182 cons=0.00000
Epoch 03/20 loss=0.50742 cls=0.50742 cons=0.00000
Epoch 04/20 loss=0.38053 cls=0.38053 cons=0.00000
Epoch 05/20 loss=0.31564 cls=0.31564 cons=0.00000
Epoch 06/20 loss=0.25757 cls=0.25757 cons=0.00000
Epoch 07/20 loss=0.23071 cls=0.23071 cons=0.00000
Epoch 08/20 loss=0.16340 cls=0.16340 cons=0.00000
Epoch 09/20 loss=0.13922 cls=0.13922 cons=0.00000
Epoch 10/20 loss=0.11787 cls=0.11787 cons=0.00000
Epoch 11/20 loss=0.11795 cls=0.11795 cons=0.00000
Epoch 12/20 loss=0.08859 cls=0.08859 cons=0.00000
Epoch 13/20 loss=0.08325 cls=0.08325 cons=0.00000
Epoch 14/20 loss=0.06445 cls=0.06445 cons=0.00000
Epoch 15/20 loss=0.06850 cls=0.06850 cons=0.00000
Epoch 16/20 loss=0.06455 cls=0.06455 cons=0.00000
Epoch 17/20 loss=0.06163 cls=0.06163 cons=0.00000
Epoch 18/20 loss=0.04205 cls=0.04205 cons=0.00000
Epoch 19/20 loss=0.05420 cls=0.05420 cons=0.00000
Epoch 20/20 loss=0.04884 cls=0.04884 cons=0.00000
Fold 4 accuracy: 0.8242

========== OOF SUMMARY ==========
Accuracy: 0.825861
Macro P/R/F1: 0.6992 / 0.6553 / 0.6749
Saved: results\headless_b0_ce_seed42_20261005_160955
Warning: You are sending unauthenticated requests to the HF Hub. Please set a HF_TOKEN to enable higher rate limits and faster downloads.
Unexpected keys (bn2.num_batches_tracked, bn2.bias, bn2.running_mean, bn2.running_var, bn2.weight, classifier.bias, classifier.weight, conv_head.weight) found while loading pretrained weights. This may be expected if model is being adapted.
Device: cuda
Model: headless b0
Image size: 224
Results: results\headless_b0_ce_seed43_20261005_163419
Checkpoints: checkpoints\headless_b0_ce_seed43_20261005_163419

========== FOLD 0 ==========
Epoch 01/20 loss=1.05941 cls=1.05941 cons=0.00000
Epoch 02/20 loss=0.58512 cls=0.58512 cons=0.00000
Epoch 03/20 loss=0.46601 cls=0.46601 cons=0.00000
Epoch 04/20 loss=0.39722 cls=0.39722 cons=0.00000
Epoch 05/20 loss=0.30791 cls=0.30791 cons=0.00000
Epoch 06/20 loss=0.23138 cls=0.23138 cons=0.00000
Epoch 07/20 loss=0.20592 cls=0.20592 cons=0.00000
Epoch 08/20 loss=0.16670 cls=0.16670 cons=0.00000
Epoch 09/20 loss=0.13714 cls=0.13714 cons=0.00000
Epoch 10/20 loss=0.12101 cls=0.12101 cons=0.00000
Epoch 11/20 loss=0.09397 cls=0.09397 cons=0.00000
Epoch 12/20 loss=0.08192 cls=0.08192 cons=0.00000
Epoch 13/20 loss=0.06614 cls=0.06614 cons=0.00000
Epoch 14/20 loss=0.06414 cls=0.06414 cons=0.00000
Epoch 15/20 loss=0.06358 cls=0.06358 cons=0.00000
Epoch 16/20 loss=0.05628 cls=0.05628 cons=0.00000
Epoch 17/20 loss=0.04788 cls=0.04788 cons=0.00000
Epoch 18/20 loss=0.04262 cls=0.04262 cons=0.00000
Epoch 19/20 loss=0.04670 cls=0.04670 cons=0.00000
Epoch 20/20 loss=0.04292 cls=0.04292 cons=0.00000
Unexpected keys (bn2.num_batches_tracked, bn2.bias, bn2.running_mean, bn2.running_var, bn2.weight, classifier.bias, classifier.weight, conv_head.weight) found while loading pretrained weights. This may be expected if model is being adapted.
Fold 0 accuracy: 0.8158

========== FOLD 1 ==========
Epoch 01/20 loss=1.11292 cls=1.11292 cons=0.00000
Epoch 02/20 loss=0.61842 cls=0.61842 cons=0.00000
Epoch 03/20 loss=0.45797 cls=0.45797 cons=0.00000
Epoch 04/20 loss=0.37183 cls=0.37183 cons=0.00000
Epoch 05/20 loss=0.31204 cls=0.31204 cons=0.00000
Epoch 06/20 loss=0.25726 cls=0.25726 cons=0.00000
Epoch 07/20 loss=0.19900 cls=0.19900 cons=0.00000
Epoch 08/20 loss=0.14371 cls=0.14371 cons=0.00000
Epoch 09/20 loss=0.13067 cls=0.13067 cons=0.00000
Epoch 10/20 loss=0.10222 cls=0.10222 cons=0.00000
Epoch 11/20 loss=0.09587 cls=0.09587 cons=0.00000
Epoch 12/20 loss=0.08957 cls=0.08957 cons=0.00000
Epoch 13/20 loss=0.08112 cls=0.08112 cons=0.00000
Epoch 14/20 loss=0.07463 cls=0.07463 cons=0.00000
Epoch 15/20 loss=0.06266 cls=0.06266 cons=0.00000
Epoch 16/20 loss=0.05432 cls=0.05432 cons=0.00000
Epoch 17/20 loss=0.04005 cls=0.04005 cons=0.00000
Epoch 18/20 loss=0.04331 cls=0.04331 cons=0.00000
Epoch 19/20 loss=0.04409 cls=0.04409 cons=0.00000
Epoch 20/20 loss=0.03895 cls=0.03895 cons=0.00000
Unexpected keys (bn2.num_batches_tracked, bn2.bias, bn2.running_mean, bn2.running_var, bn2.weight, classifier.bias, classifier.weight, conv_head.weight) found while loading pretrained weights. This may be expected if model is being adapted.
Fold 1 accuracy: 0.8282

========== FOLD 2 ==========
Epoch 01/20 loss=1.07489 cls=1.07489 cons=0.00000
Epoch 02/20 loss=0.61905 cls=0.61905 cons=0.00000
Epoch 03/20 loss=0.47735 cls=0.47735 cons=0.00000
Epoch 04/20 loss=0.38636 cls=0.38636 cons=0.00000
Epoch 05/20 loss=0.31094 cls=0.31094 cons=0.00000
Epoch 06/20 loss=0.25211 cls=0.25211 cons=0.00000
Epoch 07/20 loss=0.20158 cls=0.20158 cons=0.00000
Epoch 08/20 loss=0.16528 cls=0.16528 cons=0.00000
Epoch 09/20 loss=0.13872 cls=0.13872 cons=0.00000
Epoch 10/20 loss=0.10848 cls=0.10848 cons=0.00000
Epoch 11/20 loss=0.09966 cls=0.09966 cons=0.00000
Epoch 12/20 loss=0.08493 cls=0.08493 cons=0.00000
Epoch 13/20 loss=0.07816 cls=0.07816 cons=0.00000
Epoch 14/20 loss=0.07180 cls=0.07180 cons=0.00000
Epoch 15/20 loss=0.06930 cls=0.06930 cons=0.00000
Epoch 16/20 loss=0.05787 cls=0.05787 cons=0.00000
Epoch 17/20 loss=0.06067 cls=0.06067 cons=0.00000
Epoch 18/20 loss=0.05072 cls=0.05072 cons=0.00000
Epoch 19/20 loss=0.05383 cls=0.05383 cons=0.00000
Epoch 20/20 loss=0.05987 cls=0.05987 cons=0.00000
Unexpected keys (bn2.num_batches_tracked, bn2.bias, bn2.running_mean, bn2.running_var, bn2.weight, classifier.bias, classifier.weight, conv_head.weight) found while loading pretrained weights. This may be expected if model is being adapted.
Fold 2 accuracy: 0.8299

========== FOLD 3 ==========
Epoch 01/20 loss=1.07218 cls=1.07218 cons=0.00000
Epoch 02/20 loss=0.61013 cls=0.61013 cons=0.00000
Epoch 03/20 loss=0.45388 cls=0.45388 cons=0.00000
Epoch 04/20 loss=0.39887 cls=0.39887 cons=0.00000
Epoch 05/20 loss=0.31212 cls=0.31212 cons=0.00000
Epoch 06/20 loss=0.24304 cls=0.24304 cons=0.00000
Epoch 07/20 loss=0.19362 cls=0.19362 cons=0.00000
Epoch 08/20 loss=0.16443 cls=0.16443 cons=0.00000
Epoch 09/20 loss=0.16464 cls=0.16464 cons=0.00000
Epoch 10/20 loss=0.11189 cls=0.11189 cons=0.00000
Epoch 11/20 loss=0.09521 cls=0.09521 cons=0.00000
Epoch 12/20 loss=0.09342 cls=0.09342 cons=0.00000
Epoch 13/20 loss=0.07351 cls=0.07351 cons=0.00000
Epoch 14/20 loss=0.04754 cls=0.04754 cons=0.00000
Epoch 15/20 loss=0.06166 cls=0.06166 cons=0.00000
Epoch 16/20 loss=0.05772 cls=0.05772 cons=0.00000
Epoch 17/20 loss=0.05225 cls=0.05225 cons=0.00000
Epoch 18/20 loss=0.04282 cls=0.04282 cons=0.00000
Epoch 19/20 loss=0.03005 cls=0.03005 cons=0.00000
Epoch 20/20 loss=0.03536 cls=0.03536 cons=0.00000
Unexpected keys (bn2.num_batches_tracked, bn2.bias, bn2.running_mean, bn2.running_var, bn2.weight, classifier.bias, classifier.weight, conv_head.weight) found while loading pretrained weights. This may be expected if model is being adapted.
Fold 3 accuracy: 0.8088

========== FOLD 4 ==========
Epoch 01/20 loss=1.10950 cls=1.10950 cons=0.00000
Epoch 02/20 loss=0.60987 cls=0.60987 cons=0.00000
Epoch 03/20 loss=0.47835 cls=0.47835 cons=0.00000
Epoch 04/20 loss=0.38829 cls=0.38829 cons=0.00000
Epoch 05/20 loss=0.35162 cls=0.35162 cons=0.00000
Epoch 06/20 loss=0.26503 cls=0.26503 cons=0.00000
Epoch 07/20 loss=0.20351 cls=0.20351 cons=0.00000
Epoch 08/20 loss=0.16080 cls=0.16080 cons=0.00000
Epoch 09/20 loss=0.12299 cls=0.12299 cons=0.00000
Epoch 10/20 loss=0.16520 cls=0.16520 cons=0.00000
Epoch 11/20 loss=0.11298 cls=0.11298 cons=0.00000
Epoch 12/20 loss=0.08437 cls=0.08437 cons=0.00000
Epoch 13/20 loss=0.09175 cls=0.09175 cons=0.00000
Epoch 14/20 loss=0.07366 cls=0.07366 cons=0.00000
Epoch 15/20 loss=0.05854 cls=0.05854 cons=0.00000
Epoch 16/20 loss=0.06902 cls=0.06902 cons=0.00000
Epoch 17/20 loss=0.06165 cls=0.06165 cons=0.00000
Epoch 18/20 loss=0.07430 cls=0.07430 cons=0.00000
Epoch 19/20 loss=0.05062 cls=0.05062 cons=0.00000
Epoch 20/20 loss=0.06026 cls=0.06026 cons=0.00000
Fold 4 accuracy: 0.8283

========== OOF SUMMARY ==========
Accuracy: 0.822167
Macro P/R/F1: 0.6861 / 0.6508 / 0.6661
Saved: results\headless_b0_ce_seed43_20261005_163419
Unexpected keys (bn2.num_batches_tracked, bn2.bias, bn2.running_mean, bn2.running_var, bn2.weight, classifier.bias, classifier.weight, conv_head.weight) found while loading pretrained weights. This may be expected if model is being adapted.
Device: cuda
Model: headless b0
Image size: 224
Results: results\headless_b0_ce_seed44_20261005_165805
Checkpoints: checkpoints\headless_b0_ce_seed44_20261005_165805

========== FOLD 0 ==========
Epoch 01/20 loss=1.10033 cls=1.10033 cons=0.00000
Epoch 02/20 loss=0.60899 cls=0.60899 cons=0.00000
Epoch 03/20 loss=0.48046 cls=0.48046 cons=0.00000
Epoch 04/20 loss=0.37482 cls=0.37482 cons=0.00000
Epoch 05/20 loss=0.30496 cls=0.30496 cons=0.00000
Epoch 06/20 loss=0.23883 cls=0.23883 cons=0.00000
Epoch 07/20 loss=0.21210 cls=0.21210 cons=0.00000
Epoch 08/20 loss=0.18271 cls=0.18271 cons=0.00000
Epoch 09/20 loss=0.14335 cls=0.14335 cons=0.00000
Epoch 10/20 loss=0.10379 cls=0.10379 cons=0.00000
Epoch 11/20 loss=0.09238 cls=0.09238 cons=0.00000
Epoch 12/20 loss=0.07520 cls=0.07520 cons=0.00000
Epoch 13/20 loss=0.06436 cls=0.06436 cons=0.00000
Epoch 14/20 loss=0.10303 cls=0.10303 cons=0.00000
Epoch 15/20 loss=0.06195 cls=0.06195 cons=0.00000
Epoch 16/20 loss=0.05138 cls=0.05138 cons=0.00000
Epoch 17/20 loss=0.04555 cls=0.04555 cons=0.00000
Epoch 18/20 loss=0.03820 cls=0.03820 cons=0.00000
Epoch 19/20 loss=0.04103 cls=0.04103 cons=0.00000
Epoch 20/20 loss=0.03539 cls=0.03539 cons=0.00000
Unexpected keys (bn2.num_batches_tracked, bn2.bias, bn2.running_mean, bn2.running_var, bn2.weight, classifier.bias, classifier.weight, conv_head.weight) found while loading pretrained weights. This may be expected if model is being adapted.
Fold 0 accuracy: 0.8287

========== FOLD 1 ==========
Epoch 01/20 loss=1.13322 cls=1.13322 cons=0.00000
Epoch 02/20 loss=0.61903 cls=0.61903 cons=0.00000
Epoch 03/20 loss=0.48063 cls=0.48063 cons=0.00000
Epoch 04/20 loss=0.38169 cls=0.38169 cons=0.00000
Epoch 05/20 loss=0.30019 cls=0.30019 cons=0.00000
Epoch 06/20 loss=0.24505 cls=0.24505 cons=0.00000
Epoch 07/20 loss=0.21160 cls=0.21160 cons=0.00000
Epoch 08/20 loss=0.15792 cls=0.15792 cons=0.00000
Epoch 09/20 loss=0.11663 cls=0.11663 cons=0.00000
Epoch 10/20 loss=0.09345 cls=0.09345 cons=0.00000
Epoch 11/20 loss=0.09050 cls=0.09050 cons=0.00000
Epoch 12/20 loss=0.08294 cls=0.08294 cons=0.00000
Epoch 13/20 loss=0.06292 cls=0.06292 cons=0.00000
Epoch 14/20 loss=0.05660 cls=0.05660 cons=0.00000
Epoch 15/20 loss=0.05666 cls=0.05666 cons=0.00000
Epoch 16/20 loss=0.06106 cls=0.06106 cons=0.00000
Epoch 17/20 loss=0.04339 cls=0.04339 cons=0.00000
Epoch 18/20 loss=0.04565 cls=0.04565 cons=0.00000
Epoch 19/20 loss=0.04350 cls=0.04350 cons=0.00000
Epoch 20/20 loss=0.04174 cls=0.04174 cons=0.00000
Unexpected keys (bn2.num_batches_tracked, bn2.bias, bn2.running_mean, bn2.running_var, bn2.weight, classifier.bias, classifier.weight, conv_head.weight) found while loading pretrained weights. This may be expected if model is being adapted.
Fold 1 accuracy: 0.8232

========== FOLD 2 ==========
Epoch 01/20 loss=1.08873 cls=1.08873 cons=0.00000
Epoch 02/20 loss=0.61070 cls=0.61070 cons=0.00000
Epoch 03/20 loss=0.48377 cls=0.48377 cons=0.00000
Epoch 04/20 loss=0.38523 cls=0.38523 cons=0.00000
Epoch 05/20 loss=0.30729 cls=0.30729 cons=0.00000
Epoch 06/20 loss=0.24346 cls=0.24346 cons=0.00000
Epoch 07/20 loss=0.21159 cls=0.21159 cons=0.00000
Epoch 08/20 loss=0.17393 cls=0.17393 cons=0.00000
Epoch 09/20 loss=0.12874 cls=0.12874 cons=0.00000
Epoch 10/20 loss=0.11283 cls=0.11283 cons=0.00000
Epoch 11/20 loss=0.09107 cls=0.09107 cons=0.00000
Epoch 12/20 loss=0.08934 cls=0.08934 cons=0.00000
Epoch 13/20 loss=0.10764 cls=0.10764 cons=0.00000
Epoch 14/20 loss=0.08349 cls=0.08349 cons=0.00000
Epoch 15/20 loss=0.05842 cls=0.05842 cons=0.00000
Epoch 16/20 loss=0.04244 cls=0.04244 cons=0.00000
Epoch 17/20 loss=0.05845 cls=0.05845 cons=0.00000
Epoch 18/20 loss=0.05968 cls=0.05968 cons=0.00000
Epoch 19/20 loss=0.04764 cls=0.04764 cons=0.00000
Epoch 20/20 loss=0.06663 cls=0.06663 cons=0.00000
Warning: You are sending unauthenticated requests to the HF Hub. Please set a HF_TOKEN to enable higher rate limits and faster downloads.
Unexpected keys (bn2.num_batches_tracked, bn2.bias, bn2.running_mean, bn2.running_var, bn2.weight, classifier.bias, classifier.weight, conv_head.weight) found while loading pretrained weights. This may be expected if model is being adapted.
Fold 2 accuracy: 0.8323

========== FOLD 3 ==========
Epoch 01/20 loss=1.07709 cls=1.07709 cons=0.00000
Epoch 02/20 loss=0.58231 cls=0.58231 cons=0.00000
Epoch 03/20 loss=0.46563 cls=0.46563 cons=0.00000
Epoch 04/20 loss=0.39693 cls=0.39693 cons=0.00000
Epoch 05/20 loss=0.32218 cls=0.32218 cons=0.00000
Epoch 06/20 loss=0.25074 cls=0.25074 cons=0.00000
Epoch 07/20 loss=0.19668 cls=0.19668 cons=0.00000
Epoch 08/20 loss=0.16959 cls=0.16959 cons=0.00000
Epoch 09/20 loss=0.12901 cls=0.12901 cons=0.00000
Epoch 10/20 loss=0.10106 cls=0.10106 cons=0.00000
Epoch 11/20 loss=0.09018 cls=0.09018 cons=0.00000
Epoch 12/20 loss=0.07491 cls=0.07491 cons=0.00000
Epoch 13/20 loss=0.07209 cls=0.07209 cons=0.00000
Epoch 14/20 loss=0.05996 cls=0.05996 cons=0.00000
Epoch 15/20 loss=0.05728 cls=0.05728 cons=0.00000
Epoch 16/20 loss=0.06271 cls=0.06271 cons=0.00000
Epoch 17/20 loss=0.04588 cls=0.04588 cons=0.00000
Epoch 18/20 loss=0.04209 cls=0.04209 cons=0.00000
Epoch 19/20 loss=0.03890 cls=0.03890 cons=0.00000
Epoch 20/20 loss=0.04396 cls=0.04396 cons=0.00000
Unexpected keys (bn2.num_batches_tracked, bn2.bias, bn2.running_mean, bn2.running_var, bn2.weight, classifier.bias, classifier.weight, conv_head.weight) found while loading pretrained weights. This may be expected if model is being adapted.
Fold 3 accuracy: 0.8178

========== FOLD 4 ==========
Epoch 01/20 loss=1.11701 cls=1.11701 cons=0.00000
Epoch 02/20 loss=0.63105 cls=0.63105 cons=0.00000
Epoch 03/20 loss=0.50005 cls=0.50005 cons=0.00000
Epoch 04/20 loss=0.38844 cls=0.38844 cons=0.00000
Epoch 05/20 loss=0.31804 cls=0.31804 cons=0.00000
Epoch 06/20 loss=0.26175 cls=0.26175 cons=0.00000
Epoch 07/20 loss=0.20690 cls=0.20690 cons=0.00000
Epoch 08/20 loss=0.17539 cls=0.17539 cons=0.00000
Epoch 09/20 loss=0.15855 cls=0.15855 cons=0.00000
Epoch 10/20 loss=0.12325 cls=0.12325 cons=0.00000
Epoch 11/20 loss=0.10627 cls=0.10627 cons=0.00000
Epoch 12/20 loss=0.09039 cls=0.09039 cons=0.00000
Epoch 13/20 loss=0.08111 cls=0.08111 cons=0.00000
Epoch 14/20 loss=0.06854 cls=0.06854 cons=0.00000
Epoch 15/20 loss=0.08251 cls=0.08251 cons=0.00000
Epoch 16/20 loss=0.07390 cls=0.07390 cons=0.00000
Epoch 17/20 loss=0.05513 cls=0.05513 cons=0.00000
Epoch 18/20 loss=0.05003 cls=0.05003 cons=0.00000
Epoch 19/20 loss=0.05610 cls=0.05610 cons=0.00000
Epoch 20/20 loss=0.04639 cls=0.04639 cons=0.00000
Fold 4 accuracy: 0.8126

========== OOF SUMMARY ==========
Accuracy: 0.822966
Macro P/R/F1: 0.6770 / 0.6623 / 0.6663
Saved: results\headless_b0_ce_seed44_20261005_165805
